../Core/Src/main.c:156:6:readInputs	8	static
../Core/Src/main.c:176:6:printValues	24	static
../Core/Src/main.c:221:6:updateBounds	8	static
../Core/Src/main.c:292:6:calculateMaxMinThresholds	24	static
../Core/Src/main.c:305:10:checkPercentage	16	static
../Core/Src/main.c:318:9:convertToInt	16	static
../Core/Src/main.c:326:6:convertToPercentages	24	static
../Core/Src/main.c:345:9:absValue	16	static
../Core/Src/main.c:355:6:accelerationImplausability	8	static
../Core/Src/main.c:373:6:brakeImplausibility	8	static
../Core/Src/main.c:395:6:SendFDCANData	72	static
../Core/Src/main.c:440:6:Receive_FDCAN_Message	88	static
../Core/Src/main.c:470:6:checkCANErrors	32	static
../Core/Src/main.c:496:5:main	8	static
../Core/Src/main.c:574:6:SystemClock_Config	96	static
../Core/Src/main.c:615:13:MX_ADC1_Init	24	static
../Core/Src/main.c:686:13:MX_FDCAN1_Init	8	static
../Core/Src/main.c:729:13:MX_USART2_UART_Init	8	static
../Core/Src/main.c:775:13:MX_DMA_Init	16	static
../Core/Src/main.c:793:13:MX_GPIO_Init	56	static
../Core/Src/main.c:832:6:HAL_ADC_ConvCpltCallback	16	static
../Core/Src/main.c:844:6:Error_Handler	8	static,ignoring_inline_asm
