Archive member included to satisfy reference by file (symbol)

/Applications/STM32CubeIDE.app/Contents/Eclipse/plugins/com.st.stm32cube.ide.mcu.externaltools.gnu-tools-for-stm32.12.3.rel1.macos64_1.0.200.202406191456/tools/bin/../lib/gcc/arm-none-eabi/12.3.1/../../../../arm-none-eabi/lib/thumb/v6-m/nofp/libc_nano.a(libc_a-exit.o)
                              /Applications/STM32CubeIDE.app/Contents/Eclipse/plugins/com.st.stm32cube.ide.mcu.externaltools.gnu-tools-for-stm32.12.3.rel1.macos64_1.0.200.202406191456/tools/bin/../lib/gcc/arm-none-eabi/12.3.1/../../../../arm-none-eabi/lib/thumb/v6-m/nofp/crt0.o (exit)
/Applications/STM32CubeIDE.app/Contents/Eclipse/plugins/com.st.stm32cube.ide.mcu.externaltools.gnu-tools-for-stm32.12.3.rel1.macos64_1.0.200.202406191456/tools/bin/../lib/gcc/arm-none-eabi/12.3.1/../../../../arm-none-eabi/lib/thumb/v6-m/nofp/libc_nano.a(libc_a-snprintf.o)
                              ./Core/Src/main.o (snprintf)
/Applications/STM32CubeIDE.app/Contents/Eclipse/plugins/com.st.stm32cube.ide.mcu.externaltools.gnu-tools-for-stm32.12.3.rel1.macos64_1.0.200.202406191456/tools/bin/../lib/gcc/arm-none-eabi/12.3.1/../../../../arm-none-eabi/lib/thumb/v6-m/nofp/libc_nano.a(libc_a-findfp.o)
                              /Applications/STM32CubeIDE.app/Contents/Eclipse/plugins/com.st.stm32cube.ide.mcu.externaltools.gnu-tools-for-stm32.12.3.rel1.macos64_1.0.200.202406191456/tools/bin/../lib/gcc/arm-none-eabi/12.3.1/../../../../arm-none-eabi/lib/thumb/v6-m/nofp/libc_nano.a(libc_a-exit.o) (__stdio_exit_handler)
/Applications/STM32CubeIDE.app/Contents/Eclipse/plugins/com.st.stm32cube.ide.mcu.externaltools.gnu-tools-for-stm32.12.3.rel1.macos64_1.0.200.202406191456/tools/bin/../lib/gcc/arm-none-eabi/12.3.1/../../../../arm-none-eabi/lib/thumb/v6-m/nofp/libc_nano.a(libc_a-fwalk.o)
                              /Applications/STM32CubeIDE.app/Contents/Eclipse/plugins/com.st.stm32cube.ide.mcu.externaltools.gnu-tools-for-stm32.12.3.rel1.macos64_1.0.200.202406191456/tools/bin/../lib/gcc/arm-none-eabi/12.3.1/../../../../arm-none-eabi/lib/thumb/v6-m/nofp/libc_nano.a(libc_a-findfp.o) (_fwalk_sglue)
/Applications/STM32CubeIDE.app/Contents/Eclipse/plugins/com.st.stm32cube.ide.mcu.externaltools.gnu-tools-for-stm32.12.3.rel1.macos64_1.0.200.202406191456/tools/bin/../lib/gcc/arm-none-eabi/12.3.1/../../../../arm-none-eabi/lib/thumb/v6-m/nofp/libc_nano.a(libc_a-memset.o)
                              /Applications/STM32CubeIDE.app/Contents/Eclipse/plugins/com.st.stm32cube.ide.mcu.externaltools.gnu-tools-for-stm32.12.3.rel1.macos64_1.0.200.202406191456/tools/bin/../lib/gcc/arm-none-eabi/12.3.1/../../../../arm-none-eabi/lib/thumb/v6-m/nofp/crt0.o (memset)
/Applications/STM32CubeIDE.app/Contents/Eclipse/plugins/com.st.stm32cube.ide.mcu.externaltools.gnu-tools-for-stm32.12.3.rel1.macos64_1.0.200.202406191456/tools/bin/../lib/gcc/arm-none-eabi/12.3.1/../../../../arm-none-eabi/lib/thumb/v6-m/nofp/libc_nano.a(libc_a-impure.o)
                              /Applications/STM32CubeIDE.app/Contents/Eclipse/plugins/com.st.stm32cube.ide.mcu.externaltools.gnu-tools-for-stm32.12.3.rel1.macos64_1.0.200.202406191456/tools/bin/../lib/gcc/arm-none-eabi/12.3.1/../../../../arm-none-eabi/lib/thumb/v6-m/nofp/libc_nano.a(libc_a-snprintf.o) (_impure_ptr)
/Applications/STM32CubeIDE.app/Contents/Eclipse/plugins/com.st.stm32cube.ide.mcu.externaltools.gnu-tools-for-stm32.12.3.rel1.macos64_1.0.200.202406191456/tools/bin/../lib/gcc/arm-none-eabi/12.3.1/../../../../arm-none-eabi/lib/thumb/v6-m/nofp/libc_nano.a(libc_a-errno.o)
                              ./Core/Src/syscalls.o (__errno)
/Applications/STM32CubeIDE.app/Contents/Eclipse/plugins/com.st.stm32cube.ide.mcu.externaltools.gnu-tools-for-stm32.12.3.rel1.macos64_1.0.200.202406191456/tools/bin/../lib/gcc/arm-none-eabi/12.3.1/../../../../arm-none-eabi/lib/thumb/v6-m/nofp/libc_nano.a(libc_a-init.o)
                              /Applications/STM32CubeIDE.app/Contents/Eclipse/plugins/com.st.stm32cube.ide.mcu.externaltools.gnu-tools-for-stm32.12.3.rel1.macos64_1.0.200.202406191456/tools/bin/../lib/gcc/arm-none-eabi/12.3.1/../../../../arm-none-eabi/lib/thumb/v6-m/nofp/crt0.o (__libc_init_array)
/Applications/STM32CubeIDE.app/Contents/Eclipse/plugins/com.st.stm32cube.ide.mcu.externaltools.gnu-tools-for-stm32.12.3.rel1.macos64_1.0.200.202406191456/tools/bin/../lib/gcc/arm-none-eabi/12.3.1/../../../../arm-none-eabi/lib/thumb/v6-m/nofp/libc_nano.a(libc_a-lock.o)
                              /Applications/STM32CubeIDE.app/Contents/Eclipse/plugins/com.st.stm32cube.ide.mcu.externaltools.gnu-tools-for-stm32.12.3.rel1.macos64_1.0.200.202406191456/tools/bin/../lib/gcc/arm-none-eabi/12.3.1/../../../../arm-none-eabi/lib/thumb/v6-m/nofp/libc_nano.a(libc_a-findfp.o) (__retarget_lock_init_recursive)
[...]
Memory Configuration

Name             Origin             Length             Attributes
RAM              0x20000000         0x00024000         xrw
FLASH            0x08000000         0x00080000         xr
*default*        0x00000000         0xffffffff

Linker script and memory map

LOAD /Applications/STM32CubeIDE.app/Contents/Eclipse/plugins/com.st.stm32cube.ide.mcu.externaltools.gnu-tools-for-stm32.12.3.rel1.macos64_1.0.200.202406191456/tools/bin/../lib/gcc/arm-none-eabi/12.3.1/thumb/v6-m/nofp/crti.o
LOAD /Applications/STM32CubeIDE.app/Contents/Eclipse/plugins/com.st.stm32cube.ide.mcu.externaltools.gnu-tools-for-stm32.12.3.rel1.macos64_1.0.200.202406191456/tools/bin/../lib/gcc/arm-none-eabi/12.3.1/thumb/v6-m/nofp/crtbegin.o
LOAD /Applications/STM32CubeIDE.app/Contents/Eclipse/plugins/com.st.stm32cube.ide.mcu.externaltools.gnu-tools-for-stm32.12.3.rel1.macos64_1.0.200.202406191456/tools/bin/../lib/gcc/arm-none-eabi/12.3.1/../../../../arm-none-eabi/lib/thumb/v6-m/nofp/crt0.o
LOAD ./Core/Src/main.o
LOAD ./Core/Src/stm32g0xx_hal_msp.o
LOAD ./Core/Src/stm32g0xx_it.o
LOAD ./Core/Src/syscalls.o
LOAD ./Core/Src/sysmem.o
LOAD ./Core/Src/system_stm32g0xx.o
LOAD ./Core/Startup/startup_stm32g0b1retx.o
LOAD ./Drivers/STM32G0xx_HAL_Driver/Src/stm32g0xx_hal.o
LOAD ./Drivers/STM32G0xx_HAL_Driver/Src/stm32g0xx_hal_adc.o
LOAD ./Drivers/STM32G0xx_HAL_Driver/Src/stm32g0xx_hal_adc_ex.o
LOAD ./Drivers/STM32G0xx_HAL_Driver/Src/stm32g0xx_hal_cortex.o
LOAD ./Drivers/STM32G0xx_HAL_Driver/Src/stm32g0xx_hal_dma.o
LOAD ./Drivers/STM32G0xx_HAL_Driver/Src/stm32g0xx_hal_dma_ex.o
LOAD ./Drivers/STM32G0xx_HAL_Driver/Src/stm32g0xx_hal_exti.o
LOAD ./Drivers/STM32G0xx_HAL_Driver/Src/stm32g0xx_hal_fdcan.o
LOAD ./Drivers/STM32G0xx_HAL_Driver/Src/stm32g0xx_hal_flash.o
LOAD ./Drivers/STM32G0xx_HAL_Driver/Src/stm32g0xx_hal_flash_ex.o
LOAD ./Drivers/STM32G0xx_HAL_Driver/Src/stm32g0xx_hal_gpio.o
LOAD ./Drivers/STM32G0xx_HAL_Driver/Src/stm32g0xx_hal_pwr.o
LOAD ./Drivers/STM32G0xx_HAL_Driver/Src/stm32g0xx_hal_pwr_ex.o
LOAD ./Drivers/STM32G0xx_HAL_Driver/Src/stm32g0xx_hal_rcc.o
LOAD ./Drivers/STM32G0xx_HAL_Driver/Src/stm32g0xx_hal_rcc_ex.o
LOAD ./Drivers/STM32G0xx_HAL_Driver/Src/stm32g0xx_hal_tim.o
LOAD ./Drivers/STM32G0xx_HAL_Driver/Src/stm32g0xx_hal_tim_ex.o
LOAD ./Drivers/STM32G0xx_HAL_Driver/Src/stm32g0xx_hal_uart.o
LOAD ./Drivers/STM32G0xx_HAL_Driver/Src/stm32g0xx_hal_uart_ex.o
LOAD ./Drivers/STM32G0xx_HAL_Driver/Src/stm32g0xx_ll_adc.o
LOAD ./Drivers/STM32G0xx_HAL_Driver/Src/stm32g0xx_ll_rcc.o
START GROUP
LOAD /Applications/STM32CubeIDE.app/Contents/Eclipse/plugins/com.st.stm32cube.ide.mcu.externaltools.gnu-tools-for-stm32.12.3.rel1.macos64_1.0.200.202406191456/tools/bin/../lib/gcc/arm-none-eabi/12.3.1/../../../../arm-none-eabi/lib/thumb/v6-m/nofp/libc_nano.a
LOAD /Applications/STM32CubeIDE.app/Contents/Eclipse/plugins/com.st.stm32cube.ide.mcu.externaltools.gnu-tools-for-stm32.12.3.rel1.macos64_1.0.200.202406191456/tools/bin/../lib/gcc/arm-none-eabi/12.3.1/../../../../arm-none-eabi/lib/thumb/v6-m/nofp/libm.a
END GROUP
START GROUP
LOAD /Applications/STM32CubeIDE.app/Contents/Eclipse/plugins/com.st.stm32cube.ide.mcu.externaltools.gnu-tools-for-stm32.12.3.rel1.macos64_1.0.200.202406191456/tools/bin/../lib/gcc/arm-none-eabi/12.3.1/thumb/v6-m/nofp/libgcc.a
LOAD /Applications/STM32CubeIDE.app/Contents/Eclipse/plugins/com.st.stm32cube.ide.mcu.externaltools.gnu-tools-for-stm32.12.3.rel1.macos64_1.0.200.202406191456/tools/bin/../lib/gcc/arm-none-eabi/12.3.1/../../../../arm-none-eabi/lib/thumb/v6-m/nofp/libc_nano.a
END GROUP
START GROUP
LOAD /Applications/STM32CubeIDE.app/Contents/Eclipse/plugins/com.st.stm32cube.ide.mcu.externaltools.gnu-tools-for-stm32.12.3.rel1.macos64_1.0.200.202406191456/tools/bin/../lib/gcc/arm-none-eabi/12.3.1/thumb/v6-m/nofp/libgcc.a
LOAD /Applications/STM32CubeIDE.app/Contents/Eclipse/plugins/com.st.stm32cube.ide.mcu.externaltools.gnu-tools-for-stm32.12.3.rel1.macos64_1.0.200.202406191456/tools/bin/../lib/gcc/arm-none-eabi/12.3.1/../../../../arm-none-eabi/lib/thumb/v6-m/nofp/libc_nano.a
LOAD /Applications/STM32CubeIDE.app/Contents/Eclipse/plugins/com.st.stm32cube.ide.mcu.externaltools.gnu-tools-for-stm32.12.3.rel1.macos64_1.0.200.202406191456/tools/bin/../lib/gcc/arm-none-eabi/12.3.1/../../../../arm-none-eabi/lib/thumb/v6-m/nofp/libnosys.a
END GROUP
START GROUP
LOAD /Applications/STM32CubeIDE.app/Contents/Eclipse/plugins/com.st.stm32cube.ide.mcu.externaltools.gnu-tools-for-stm32.12.3.rel1.macos64_1.0.200.202406191456/tools/bin/../lib/gcc/arm-none-eabi/12.3.1/thumb/v6-m/nofp/libgcc.a
LOAD /Applications/STM32CubeIDE.app/Contents/Eclipse/plugins/com.st.stm32cube.ide.mcu.externaltools.gnu-tools-for-stm32.12.3.rel1.macos64_1.0.200.202406191456/tools/bin/../lib/gcc/arm-none-eabi/12.3.1/../../../../arm-none-eabi/lib/thumb/v6-m/nofp/libc_nano.a
LOAD /Applications/STM32CubeIDE.app/Contents/Eclipse/plugins/com.st.stm32cube.ide.mcu.externaltools.gnu-tools-for-stm32.12.3.rel1.macos64_1.0.200.202406191456/tools/bin/../lib/gcc/arm-none-eabi/12.3.1/../../../../arm-none-eabi/lib/thumb/v6-m/nofp/libnosys.a
END GROUP
LOAD /Applications/STM32CubeIDE.app/Contents/Eclipse/plugins/com.st.stm32cube.ide.mcu.externaltools.gnu-tools-for-stm32.12.3.rel1.macos64_1.0.200.202406191456/tools/bin/../lib/gcc/arm-none-eabi/12.3.1/thumb/v6-m/nofp/crtend.o
LOAD /Applications/STM32CubeIDE.app/Contents/Eclipse/plugins/com.st.stm32cube.ide.mcu.externaltools.gnu-tools-for-stm32.12.3.rel1.macos64_1.0.200.202406191456/tools/bin/../lib/gcc/arm-none-eabi/12.3.1/thumb/v6-m/nofp/crtn.o
                0x20024000                        _estack = (ORIGIN (RAM) + LENGTH (RAM))
                0x00000200                        _Min_Heap_Size = 0x200
                0x00000400                        _Min_Stack_Size = 0x400

.isr_vector     0x08000000       0xbc
                0x08000000                        . = ALIGN (0x4)
 *(.isr_vector)
 .isr_vector    0x08000000       0xbc ./Core/Startup/startup_stm32g0b1retx.o
                0x08000000                g_pfnVectors
                0x080000bc                        . = ALIGN (0x4)

.text           0x080000bc     0x88f0
                0x080000bc                        . = ALIGN (0x4)
 *(.text)
 .text          0x080000bc       0x48 /Applications/STM32CubeIDE.app/Contents/Eclipse/plugins/com.st.stm32cube.ide.mcu.externaltools.gnu-tools-for-stm32.12.3.rel1.macos64_1.0.200.202406191456/tools/bin/../lib/gcc/arm-none-eabi/12.3.1/thumb/v6-m/nofp/crtbegin.o
 .text          0x08000104       0x14 /Applications/STM32CubeIDE.app/Contents/Eclipse/plugins/com.st.stm32cube.ide.mcu.externaltools.gnu-tools-for-stm32.12.3.rel1.macos64_1.0.200.202406191456/tools/bin/../lib/gcc/arm-none-eabi/12.3.1/thumb/v6-m/nofp/libgcc.a(_thumb1_case_shi.o)
                0x08000104                __gnu_thumb1_case_shi
 .text          0x08000118      0x114 /Applications/STM32CubeIDE.app/Contents/Eclipse/plugins/com.st.stm32cube.ide.mcu.externaltools.gnu-tools-for-stm32.12.3.rel1.macos64_1.0.200.202406191456/tools/bin/../lib/gcc/arm-none-eabi/12.3.1/thumb/v6-m/nofp/libgcc.a(_udivsi3.o)
                0x08000118                __udivsi3
                0x08000118                __aeabi_uidiv
                0x08000224                __aeabi_uidivmod
 .text          0x0800022c      0x1d4 /Applications/STM32CubeIDE.app/Contents/Eclipse/plugins/com.st.stm32cube.ide.mcu.externaltools.gnu-tools-for-stm32.12.3.rel1.macos64_1.0.200.202406191456/tools/bin/../lib/gcc/arm-none-eabi/12.3.1/thumb/v6-m/nofp/libgcc.a(_divsi3.o)
                0x0800022c                __aeabi_idiv
                0x0800022c                __divsi3
                0x080003f8                __aeabi_idivmod
 .text          0x08000400        0x4 /Applications/STM32CubeIDE.app/Contents/Eclipse/plugins/com.st.stm32cube.ide.mcu.externaltools.gnu-tools-for-stm32.12.3.rel1.macos64_1.0.200.202406191456/tools/bin/../lib/gcc/arm-none-eabi/12.3.1/thumb/v6-m/nofp/libgcc.a(_dvmd_tls.o)
                0x08000400                __aeabi_ldiv0
                0x08000400                __aeabi_idiv0
 .text          0x08000404       0x74 /Applications/STM32CubeIDE.app/Contents/Eclipse/plugins/com.st.stm32cube.ide.mcu.externaltools.gnu-tools-for-stm32.12.3.rel1.macos64_1.0.200.202406191456/tools/bin/../lib/gcc/arm-none-eabi/12.3.1/thumb/v6-m/nofp/libgcc.a(_arm_cmpsf2.o)
                0x08000404                __aeabi_cfrcmple
                0x0800040c                __aeabi_cfcmple
                0x0800040c                __aeabi_cfcmpeq
                0x0800041c                __aeabi_fcmpeq
                0x08000428                __aeabi_fcmplt
                0x0800043c                __aeabi_fcmple
                0x08000450                __aeabi_fcmpgt
                0x08000464                __aeabi_fcmpge
 .text          0x08000478       0x40 /Applications/STM32CubeIDE.app/Contents/Eclipse/plugins/com.st.stm32cube.ide.mcu.externaltools.gnu-tools-for-stm32.12.3.rel1.macos64_1.0.200.202406191456/tools/bin/../lib/gcc/arm-none-eabi/12.3.1/thumb/v6-m/nofp/libgcc.a(_aeabi_uldivmod.o)
                0x08000478                __aeabi_uldivmod
 .text          0x080004b8       0x30 /Applications/STM32CubeIDE.app/Contents/Eclipse/plugins/com.st.stm32cube.ide.mcu.externaltools.gnu-tools-for-stm32.12.3.rel1.macos64_1.0.200.202406191456/tools/bin/../lib/gcc/arm-none-eabi/12.3.1/thumb/v6-m/nofp/libgcc.a(_fixunssfsi.o)
                0x080004b8                __aeabi_f2uiz
                0x080004b8                __fixunssfsi
 .text          0x080004e8       0x3c /Applications/STM32CubeIDE.app/Contents/Eclipse/plugins/com.st.stm32cube.ide.mcu.externaltools.gnu-tools-for-stm32.12.3.rel1.macos64_1.0.200.202406191456/tools/bin/../lib/gcc/arm-none-eabi/12.3.1/thumb/v6-m/nofp/libgcc.a(_fixunsdfsi.o)
                0x080004e8                __fixunsdfsi
                0x080004e8                __aeabi_d2uiz
 .text          0x08000524      0x198 /Applications/STM32CubeIDE.app/Contents/Eclipse/plugins/com.st.stm32cube.ide.mcu.externaltools.gnu-tools-for-stm32.12.3.rel1.macos64_1.0.200.202406191456/tools/bin/../lib/gcc/arm-none-eabi/12.3.1/thumb/v6-m/nofp/libgcc.a(_udivmoddi4.o)
                0x08000524                __udivmoddi4
 .text          0x080006bc      0x240 /Applications/STM32CubeIDE.app/Contents/Eclipse/plugins/com.st.stm32cube.ide.mcu.externaltools.gnu-tools-for-stm32.12.3.rel1.macos64_1.0.200.202406191456/tools/bin/../lib/gcc/arm-none-eabi/12.3.1/thumb/v6-m/nofp/libgcc.a(divsf3.o)
                0x080006bc                __aeabi_fdiv
 .text          0x080008fc       0x50 /Applications/STM32CubeIDE.app/Contents/Eclipse/plugins/com.st.stm32cube.ide.mcu.externaltools.gnu-tools-for-stm32.12.3.rel1.macos64_1.0.200.202406191456/tools/bin/../lib/gcc/arm-none-eabi/12.3.1/thumb/v6-m/nofp/libgcc.a(eqsf2.o)
                0x080008fc                __nesf2
                0x080008fc                __eqsf2
 .text          0x0800094c       0xa0 /Applications/STM32CubeIDE.app/Contents/Eclipse/plugins/com.st.stm32cube.ide.mcu.externaltools.gnu-tools-for-stm32.12.3.rel1.macos64_1.0.200.202406191456/tools/bin/../lib/gcc/arm-none-eabi/12.3.1/thumb/v6-m/nofp/libgcc.a(gesf2.o)
                0x0800094c                __gtsf2
                0x0800094c                __gesf2
 .text          0x080009ec       0x9c /Applications/STM32CubeIDE.app/Contents/Eclipse/plugins/com.st.stm32cube.ide.mcu.externaltools.gnu-tools-for-stm32.12.3.rel1.macos64_1.0.200.202406191456/tools/bin/../lib/gcc/arm-none-eabi/12.3.1/thumb/v6-m/nofp/libgcc.a(lesf2.o)
                0x080009ec                __lesf2
                0x080009ec                __ltsf2
 .text          0x08000a88      0x27c /Applications/STM32CubeIDE.app/Contents/Eclipse/plugins/com.st.stm32cube.ide.mcu.externaltools.gnu-tools-for-stm32.12.3.rel1.macos64_1.0.200.202406191456/tools/bin/../lib/gcc/arm-none-eabi/12.3.1/thumb/v6-m/nofp/libgcc.a(mulsf3.o)
                0x08000a88                __aeabi_fmul
 .text          0x08000d04      0x348 /Applications/STM32CubeIDE.app/Contents/Eclipse/plugins/com.st.stm32cube.ide.mcu.externaltools.gnu-tools-for-stm32.12.3.rel1.macos64_1.0.200.202406191456/tools/bin/../lib/gcc/arm-none-eabi/12.3.1/thumb/v6-m/nofp/libgcc.a(subsf3.o)
                0x08000d04                __aeabi_fsub
 .text          0x0800104c       0x40 /Applications/STM32CubeIDE.app/Contents/Eclipse/plugins/com.st.stm32cube.ide.mcu.externaltools.gnu-tools-for-stm32.12.3.rel1.macos64_1.0.200.202406191456/tools/bin/../lib/gcc/arm-none-eabi/12.3.1/thumb/v6-m/nofp/libgcc.a(fixsfsi.o)
                0x0800104c                __aeabi_f2iz
 .text          0x0800108c       0x98 /Applications/STM32CubeIDE.app/Contents/Eclipse/plugins/com.st.stm32cube.ide.mcu.externaltools.gnu-tools-for-stm32.12.3.rel1.macos64_1.0.200.202406191456/tools/bin/../lib/gcc/arm-none-eabi/12.3.1/thumb/v6-m/nofp/libgcc.a(floatsisf.o)
                0x0800108c                __aeabi_i2f
 .text          0x08001124      0x6c8 /Applications/STM32CubeIDE.app/Contents/Eclipse/plugins/com.st.stm32cube.ide.mcu.externaltools.gnu-tools-for-stm32.12.3.rel1.macos64_1.0.200.202406191456/tools/bin/../lib/gcc/arm-none-eabi/12.3.1/thumb/v6-m/nofp/libgcc.a(adddf3.o)
                0x08001124                __aeabi_dadd
 .text          0x080017ec      0x590 /Applications/STM32CubeIDE.app/Contents/Eclipse/plugins/com.st.stm32cube.ide.mcu.externaltools.gnu-tools-for-stm32.12.3.rel1.macos64_1.0.200.202406191456/tools/bin/../lib/gcc/arm-none-eabi/12.3.1/thumb/v6-m/nofp/libgcc.a(muldf3.o)
                0x080017ec                __aeabi_dmul
 .text          0x08001d7c      0x738 /Applications/STM32CubeIDE.app/Contents/Eclipse/plugins/com.st.stm32cube.ide.mcu.externaltools.gnu-tools-for-stm32.12.3.rel1.macos64_1.0.200.202406191456/tools/bin/../lib/gcc/arm-none-eabi/12.3.1/thumb/v6-m/nofp/libgcc.a(subdf3.o)
                0x08001d7c                __aeabi_dsub
 .text          0x080024b4       0x78 /Applications/STM32CubeIDE.app/Contents/Eclipse/plugins/com.st.stm32cube.ide.mcu.externaltools.gnu-tools-for-stm32.12.3.rel1.macos64_1.0.200.202406191456/tools/bin/../lib/gcc/arm-none-eabi/12.3.1/thumb/v6-m/nofp/libgcc.a(fixdfsi.o)
                0x080024b4                __aeabi_d2iz
 .text          0x0800252c       0x5c /Applications/STM32CubeIDE.app/Contents/Eclipse/plugins/com.st.stm32cube.ide.mcu.externaltools.gnu-tools-for-stm32.12.3.rel1.macos64_1.0.200.202406191456/tools/bin/../lib/gcc/arm-none-eabi/12.3.1/thumb/v6-m/nofp/libgcc.a(floatsidf.o)
                0x0800252c                __aeabi_i2d
 .text          0x08002588       0x7c /Applications/STM32CubeIDE.app/Contents/Eclipse/plugins/com.st.stm32cube.ide.mcu.externaltools.gnu-tools-for-stm32.12.3.rel1.macos64_1.0.200.202406191456/tools/bin/../lib/gcc/arm-none-eabi/12.3.1/thumb/v6-m/nofp/libgcc.a(_arm_cmpdf2.o)
                0x08002588                __aeabi_cdrcmple
                0x08002598                __aeabi_cdcmple
                0x08002598                __aeabi_cdcmpeq
                0x080025a8                __aeabi_dcmpeq
                0x080025b4                __aeabi_dcmplt
                0x080025c8                __aeabi_dcmple
                0x080025dc                __aeabi_dcmpgt
                0x080025f0                __aeabi_dcmpge
 .text          0x08002604       0x3c /Applications/STM32CubeIDE.app/Contents/Eclipse/plugins/com.st.stm32cube.ide.mcu.externaltools.gnu-tools-for-stm32.12.3.rel1.macos64_1.0.200.202406191456/tools/bin/../lib/gcc/arm-none-eabi/12.3.1/thumb/v6-m/nofp/libgcc.a(_clzsi2.o)
                0x08002604                __clzsi2
 .text          0x08002640       0x18 /Applications/STM32CubeIDE.app/Contents/Eclipse/plugins/com.st.stm32cube.ide.mcu.externaltools.gnu-tools-for-stm32.12.3.rel1.macos64_1.0.200.202406191456/tools/bin/../lib/gcc/arm-none-eabi/12.3.1/thumb/v6-m/nofp/libgcc.a(_clzdi2.o)
                0x08002640                __clzdi2
 .text          0x08002658       0x88 /Applications/STM32CubeIDE.app/Contents/Eclipse/plugins/com.st.stm32cube.ide.mcu.externaltools.gnu-tools-for-stm32.12.3.rel1.macos64_1.0.200.202406191456/tools/bin/../lib/gcc/arm-none-eabi/12.3.1/thumb/v6-m/nofp/libgcc.a(eqdf2.o)
                0x08002658                __eqdf2
                0x08002658                __nedf2
 .text          0x080026e0       0xe8 /Applications/STM32CubeIDE.app/Contents/Eclipse/plugins/com.st.stm32cube.ide.mcu.externaltools.gnu-tools-for-stm32.12.3.rel1.macos64_1.0.200.202406191456/tools/bin/../lib/gcc/arm-none-eabi/12.3.1/thumb/v6-m/nofp/libgcc.a(gedf2.o)
                0x080026e0                __gtdf2
                0x080026e0                __gedf2
 .text          0x080027c8       0xe4 /Applications/STM32CubeIDE.app/Contents/Eclipse/plugins/com.st.stm32cube.ide.mcu.externaltools.gnu-tools-for-stm32.12.3.rel1.macos64_1.0.200.202406191456/tools/bin/../lib/gcc/arm-none-eabi/12.3.1/thumb/v6-m/nofp/libgcc.a(ledf2.o)
                0x080027c8                __ltdf2
                0x080027c8                __ledf2
 *(.text*)
 .text.readInputs
                0x080028ac       0xa8 ./Core/Src/main.o
                0x080028ac                readInputs
 .text.printValues
                0x08002954      0x380 ./Core/Src/main.o
                0x08002954                printValues
 .text.updateBounds
                0x08002cd4      0x138 ./Core/Src/main.o
                0x08002cd4                updateBounds
 .text.calculateMaxMinThresholds
                0x08002e0c      0x198 ./Core/Src/main.o
                0x08002e0c                calculateMaxMinThresholds
 .text.checkPercentage
                0x08002fa4       0x26 ./Core/Src/main.o
                0x08002fa4                checkPercentage
 .text.convertToInt
                0x08002fca       0x2a ./Core/Src/main.o
                0x08002fca                convertToInt
 .text.convertToPercentages
                0x08002ff4      0x10c ./Core/Src/main.o
                0x08002ff4                convertToPercentages
 .text.absValue
                0x08003100       0x30 ./Core/Src/main.o
                0x08003100                absValue
 .text.accelerationImplausability
                0x08003130       0x7c ./Core/Src/main.o
                0x08003130                accelerationImplausability
 .text.brakeImplausibility
                0x080031ac       0x94 ./Core/Src/main.o
                0x080031ac                brakeImplausibility
 .text.SendFDCANData
                0x08003240      0x148 ./Core/Src/main.o
                0x08003240                SendFDCANData
 .text.Receive_FDCAN_Message
                0x08003388      0x10c ./Core/Src/main.o
                0x08003388                Receive_FDCAN_Message
 .text.checkCANErrors
                0x08003494       0xbc ./Core/Src/main.o
                0x08003494                checkCANErrors
 .text.main     0x08003550       0xc0 ./Core/Src/main.o
                0x08003550                main
 .text.SystemClock_Config
                0x08003610       0x90 ./Core/Src/main.o
                0x08003610                SystemClock_Config
 .text.MX_ADC1_Init
                0x080036a0      0x10c ./Core/Src/main.o
 .text.MX_FDCAN1_Init
                0x080037ac       0x90 ./Core/Src/main.o
 .text.MX_USART2_UART_Init
                0x0800383c       0x9c ./Core/Src/main.o
 .text.MX_DMA_Init
                0x080038d8       0x3c ./Core/Src/main.o
 .text.MX_GPIO_Init
                0x08003914       0xfc ./Core/Src/main.o
 .text.HAL_ADC_ConvCpltCallback
                0x08003a10       0x1c ./Core/Src/main.o
                0x08003a10                HAL_ADC_ConvCpltCallback
 .text.Error_Handler
                0x08003a2c        0xc ./Core/Src/main.o
                0x08003a2c                Error_Handler
 .text.HAL_MspInit
                0x08003a38       0x50 ./Core/Src/stm32g0xx_hal_msp.o
                0x08003a38                HAL_MspInit
 .text.HAL_ADC_MspInit
                0x08003a88       0xe4 ./Core/Src/stm32g0xx_hal_msp.o
                0x08003a88                HAL_ADC_MspInit
 .text.HAL_FDCAN_MspInit
                0x08003b6c       0xc4 ./Core/Src/stm32g0xx_hal_msp.o
                0x08003b6c                HAL_FDCAN_MspInit
 .text.HAL_FDCAN_MspDeInit
                0x08003c30       0x40 ./Core/Src/stm32g0xx_hal_msp.o
                0x08003c30                HAL_FDCAN_MspDeInit
 .text.HAL_UART_MspInit
                0x08003c70       0xc0 ./Core/Src/stm32g0xx_hal_msp.o
                0x08003c70                HAL_UART_MspInit
 .text.NMI_Handler
                0x08003d30        0x8 ./Core/Src/stm32g0xx_it.o
                0x08003d30                NMI_Handler
 .text.HardFault_Handler
                0x08003d38        0x8 ./Core/Src/stm32g0xx_it.o
                0x08003d38                HardFault_Handler
 .text.SVC_Handler
                0x08003d40        0xa ./Core/Src/stm32g0xx_it.o
                0x08003d40                SVC_Handler
 .text.PendSV_Handler
                0x08003d4a        0xa ./Core/Src/stm32g0xx_it.o
                0x08003d4a                PendSV_Handler
 .text.SysTick_Handler
                0x08003d54        0xe ./Core/Src/stm32g0xx_it.o
                0x08003d54                SysTick_Handler
 *fill*         0x08003d62        0x2 
 .text.DMA1_Channel1_IRQHandler
                0x08003d64       0x18 ./Core/Src/stm32g0xx_it.o
                0x08003d64                DMA1_Channel1_IRQHandler
 .text._sbrk    0x08003d7c       0x6c ./Core/Src/sysmem.o
                0x08003d7c                _sbrk
 .text.SystemInit
                0x08003de8        0xa ./Core/Src/system_stm32g0xx.o
                0x08003de8                SystemInit
 *fill*         0x08003df2        0x2 
 .text.Reset_Handler
                0x08003df4       0x50 ./Core/Startup/startup_stm32g0b1retx.o
                0x08003df4                Reset_Handler
 .text.Default_Handler
                0x08003e44        0x2 ./Core/Startup/startup_stm32g0b1retx.o
                0x08003e44                TIM1_BRK_UP_TRG_COM_IRQHandler
                0x08003e44                USART3_4_5_6_LPUART1_IRQHandler
                0x08003e44                TIM1_CC_IRQHandler
                0x08003e44                ADC1_COMP_IRQHandler
                0x08003e44                I2C1_IRQHandler
                0x08003e44                TIM7_LPTIM2_IRQHandler
                0x08003e44                TIM17_FDCAN_IT1_IRQHandler
                0x08003e44                DMA1_Ch4_7_DMA2_Ch1_5_DMAMUX1_OVR_IRQHandler
                0x08003e44                RCC_CRS_IRQHandler
                0x08003e44                RTC_TAMP_IRQHandler
                0x08003e44                SPI1_IRQHandler
                0x08003e44                USB_UCPD1_2_IRQHandler
                0x08003e44                EXTI2_3_IRQHandler
                0x08003e44                USART2_LPUART2_IRQHandler
                0x08003e44                PVD_VDDIO2_IRQHandler
                0x08003e44                EXTI4_15_IRQHandler
                0x08003e44                Default_Handler
                0x08003e44                CEC_IRQHandler
                0x08003e44                TIM14_IRQHandler
                0x08003e44                TIM15_IRQHandler
                0x08003e44                TIM3_TIM4_IRQHandler
                0x08003e44                EXTI0_1_IRQHandler
                0x08003e44                SPI2_3_IRQHandler
                0x08003e44                TIM6_DAC_LPTIM1_IRQHandler
                0x08003e44                WWDG_IRQHandler
                0x08003e44                TIM2_IRQHandler
                0x08003e44                DMA1_Channel2_3_IRQHandler
                0x08003e44                FLASH_IRQHandler
                0x08003e44                USART1_IRQHandler
                0x08003e44                TIM16_FDCAN_IT0_IRQHandler
                0x08003e44                I2C2_3_IRQHandler
 *fill*         0x08003e46        0x2 
 .text.HAL_Init
                0x08003e48       0x40 ./Drivers/STM32G0xx_HAL_Driver/Src/stm32g0xx_hal.o
                0x08003e48                HAL_Init
 .text.HAL_InitTick
                0x08003e88       0x94 ./Drivers/STM32G0xx_HAL_Driver/Src/stm32g0xx_hal.o
                0x08003e88                HAL_InitTick
 .text.HAL_IncTick
                0x08003f1c       0x24 ./Drivers/STM32G0xx_HAL_Driver/Src/stm32g0xx_hal.o
                0x08003f1c                HAL_IncTick
 .text.HAL_GetTick
                0x08003f40       0x14 ./Drivers/STM32G0xx_HAL_Driver/Src/stm32g0xx_hal.o
                0x08003f40                HAL_GetTick
 .text.HAL_Delay
                0x08003f54       0x48 ./Drivers/STM32G0xx_HAL_Driver/Src/stm32g0xx_hal.o
                0x08003f54                HAL_Delay
 .text.HAL_SYSCFG_StrobeDBattpinsConfig
                0x08003f9c       0x2c ./Drivers/STM32G0xx_HAL_Driver/Src/stm32g0xx_hal.o
                0x08003f9c                HAL_SYSCFG_StrobeDBattpinsConfig
 .text.LL_ADC_SetCommonPathInternalCh
                0x08003fc8       0x28 ./Drivers/STM32G0xx_HAL_Driver/Src/stm32g0xx_hal_adc.o
 .text.LL_ADC_GetCommonPathInternalCh
                0x08003ff0       0x1a ./Drivers/STM32G0xx_HAL_Driver/Src/stm32g0xx_hal_adc.o
 .text.LL_ADC_SetSamplingTimeCommonChannels
                0x0800400a       0x3a ./Drivers/STM32G0xx_HAL_Driver/Src/stm32g0xx_hal_adc.o
 .text.LL_ADC_GetSamplingTimeCommonChannels
                0x08004044       0x2e ./Drivers/STM32G0xx_HAL_Driver/Src/stm32g0xx_hal_adc.o
 .text.LL_ADC_REG_IsTriggerSourceSWStart
                0x08004072       0x22 ./Drivers/STM32G0xx_HAL_Driver/Src/stm32g0xx_hal_adc.o
 .text.LL_ADC_REG_SetSequencerRanks
                0x08004094       0x40 ./Drivers/STM32G0xx_HAL_Driver/Src/stm32g0xx_hal_adc.o
 .text.LL_ADC_REG_SetSequencerChAdd
                0x080040d4       0x22 ./Drivers/STM32G0xx_HAL_Driver/Src/stm32g0xx_hal_adc.o
 .text.LL_ADC_REG_SetSequencerChRem
                0x080040f6       0x24 ./Drivers/STM32G0xx_HAL_Driver/Src/stm32g0xx_hal_adc.o
 *fill*         0x0800411a        0x2 
 .text.LL_ADC_SetChannelSamplingTime
                0x0800411c       0x38 ./Drivers/STM32G0xx_HAL_Driver/Src/stm32g0xx_hal_adc.o
 .text.LL_ADC_EnableInternalRegulator
                0x08004154       0x28 ./Drivers/STM32G0xx_HAL_Driver/Src/stm32g0xx_hal_adc.o
 .text.LL_ADC_IsInternalRegulatorEnabled
                0x0800417c       0x28 ./Drivers/STM32G0xx_HAL_Driver/Src/stm32g0xx_hal_adc.o
 .text.LL_ADC_Enable
                0x080041a4       0x24 ./Drivers/STM32G0xx_HAL_Driver/Src/stm32g0xx_hal_adc.o
 .text.LL_ADC_Disable
                0x080041c8       0x24 ./Drivers/STM32G0xx_HAL_Driver/Src/stm32g0xx_hal_adc.o
 .text.LL_ADC_IsEnabled
                0x080041ec       0x22 ./Drivers/STM32G0xx_HAL_Driver/Src/stm32g0xx_hal_adc.o
 *fill*         0x0800420e        0x2 
 .text.LL_ADC_REG_StartConversion
                0x08004210       0x24 ./Drivers/STM32G0xx_HAL_Driver/Src/stm32g0xx_hal_adc.o
 .text.LL_ADC_REG_IsConversionOngoing
                0x08004234       0x22 ./Drivers/STM32G0xx_HAL_Driver/Src/stm32g0xx_hal_adc.o
 *fill*         0x08004256        0x2 
 .text.HAL_ADC_Init
                0x08004258      0x350 ./Drivers/STM32G0xx_HAL_Driver/Src/stm32g0xx_hal_adc.o
                0x08004258                HAL_ADC_Init
 .text.HAL_ADC_Start_DMA
                0x080045a8      0x11c ./Drivers/STM32G0xx_HAL_Driver/Src/stm32g0xx_hal_adc.o
                0x080045a8                HAL_ADC_Start_DMA
 .text.HAL_ADC_ConvHalfCpltCallback
                0x080046c4       0x10 ./Drivers/STM32G0xx_HAL_Driver/Src/stm32g0xx_hal_adc.o
                0x080046c4                HAL_ADC_ConvHalfCpltCallback
 .text.HAL_ADC_ErrorCallback
                0x080046d4       0x10 ./Drivers/STM32G0xx_HAL_Driver/Src/stm32g0xx_hal_adc.o
                0x080046d4                HAL_ADC_ErrorCallback
 .text.HAL_ADC_ConfigChannel
                0x080046e4      0x3b0 ./Drivers/STM32G0xx_HAL_Driver/Src/stm32g0xx_hal_adc.o
                0x080046e4                HAL_ADC_ConfigChannel
 .text.ADC_Enable
                0x08004a94      0x10c ./Drivers/STM32G0xx_HAL_Driver/Src/stm32g0xx_hal_adc.o
                0x08004a94                ADC_Enable
 .text.ADC_DMAConvCplt
                0x08004ba0       0xc8 ./Drivers/STM32G0xx_HAL_Driver/Src/stm32g0xx_hal_adc.o
 .text.ADC_DMAHalfConvCplt
                0x08004c68       0x1e ./Drivers/STM32G0xx_HAL_Driver/Src/stm32g0xx_hal_adc.o
 .text.ADC_DMAError
                0x08004c86       0x36 ./Drivers/STM32G0xx_HAL_Driver/Src/stm32g0xx_hal_adc.o
 .text.__NVIC_EnableIRQ
                0x08004cbc       0x34 ./Drivers/STM32G0xx_HAL_Driver/Src/stm32g0xx_hal_cortex.o
 .text.__NVIC_SetPriority
                0x08004cf0       0xdc ./Drivers/STM32G0xx_HAL_Driver/Src/stm32g0xx_hal_cortex.o
 .text.SysTick_Config
                0x08004dcc       0x48 ./Drivers/STM32G0xx_HAL_Driver/Src/stm32g0xx_hal_cortex.o
 .text.HAL_NVIC_SetPriority
                0x08004e14       0x2a ./Drivers/STM32G0xx_HAL_Driver/Src/stm32g0xx_hal_cortex.o
                0x08004e14                HAL_NVIC_SetPriority
 .text.HAL_NVIC_EnableIRQ
                0x08004e3e       0x20 ./Drivers/STM32G0xx_HAL_Driver/Src/stm32g0xx_hal_cortex.o
                0x08004e3e                HAL_NVIC_EnableIRQ
 .text.HAL_SYSTICK_Config
                0x08004e5e       0x1a ./Drivers/STM32G0xx_HAL_Driver/Src/stm32g0xx_hal_cortex.o
                0x08004e5e                HAL_SYSTICK_Config
 .text.HAL_DMA_Init
                0x08004e78      0x158 ./Drivers/STM32G0xx_HAL_Driver/Src/stm32g0xx_hal_dma.o
                0x08004e78                HAL_DMA_Init
 .text.HAL_DMA_Start_IT
                0x08004fd0      0x10c ./Drivers/STM32G0xx_HAL_Driver/Src/stm32g0xx_hal_dma.o
                0x08004fd0                HAL_DMA_Start_IT
 .text.HAL_DMA_IRQHandler
                0x080050dc      0x188 ./Drivers/STM32G0xx_HAL_Driver/Src/stm32g0xx_hal_dma.o
                0x080050dc                HAL_DMA_IRQHandler
 .text.DMA_SetConfig
                0x08005264       0x78 ./Drivers/STM32G0xx_HAL_Driver/Src/stm32g0xx_hal_dma.o
 .text.DMA_CalcDMAMUXChannelBaseAndMask
                0x080052dc       0x94 ./Drivers/STM32G0xx_HAL_Driver/Src/stm32g0xx_hal_dma.o
 .text.DMA_CalcDMAMUXRequestGenBaseAndMask
                0x08005370       0x48 ./Drivers/STM32G0xx_HAL_Driver/Src/stm32g0xx_hal_dma.o
 .text.HAL_FDCAN_Init
                0x080053b8      0x2cc ./Drivers/STM32G0xx_HAL_Driver/Src/stm32g0xx_hal_fdcan.o
                0x080053b8                HAL_FDCAN_Init
 .text.HAL_FDCAN_DeInit
                0x08005684       0x4a ./Drivers/STM32G0xx_HAL_Driver/Src/stm32g0xx_hal_fdcan.o
                0x08005684                HAL_FDCAN_DeInit
 .text.HAL_FDCAN_Start
                0x080056ce       0x4c ./Drivers/STM32G0xx_HAL_Driver/Src/stm32g0xx_hal_fdcan.o
                0x080056ce                HAL_FDCAN_Start
 .text.HAL_FDCAN_Stop
                0x0800571a       0xda ./Drivers/STM32G0xx_HAL_Driver/Src/stm32g0xx_hal_fdcan.o
                0x0800571a                HAL_FDCAN_Stop
 .text.HAL_FDCAN_AddMessageToTxFifoQ
                0x080057f4       0x8a ./Drivers/STM32G0xx_HAL_Driver/Src/stm32g0xx_hal_fdcan.o
                0x080057f4                HAL_FDCAN_AddMessageToTxFifoQ
 *fill*         0x0800587e        0x2 
 .text.HAL_FDCAN_GetRxMessage
                0x08005880      0x21c ./Drivers/STM32G0xx_HAL_Driver/Src/stm32g0xx_hal_fdcan.o
                0x08005880                HAL_FDCAN_GetRxMessage
 .text.HAL_FDCAN_GetRxFifoFillLevel
                0x08005a9c       0x38 ./Drivers/STM32G0xx_HAL_Driver/Src/stm32g0xx_hal_fdcan.o
                0x08005a9c                HAL_FDCAN_GetRxFifoFillLevel
 .text.HAL_FDCAN_GetTxFifoFreeLevel
                0x08005ad4       0x20 ./Drivers/STM32G0xx_HAL_Driver/Src/stm32g0xx_hal_fdcan.o
                0x08005ad4                HAL_FDCAN_GetTxFifoFreeLevel
 .text.HAL_FDCAN_GetError
                0x08005af4       0x14 ./Drivers/STM32G0xx_HAL_Driver/Src/stm32g0xx_hal_fdcan.o
                0x08005af4                HAL_FDCAN_GetError
 .text.FDCAN_CalcultateRamBlockAddresses
                0x08005b08       0xd8 ./Drivers/STM32G0xx_HAL_Driver/Src/stm32g0xx_hal_fdcan.o
 .text.FDCAN_CopyMessageToRAM
                0x08005be0       0xf8 ./Drivers/STM32G0xx_HAL_Driver/Src/stm32g0xx_hal_fdcan.o
 .text.HAL_GPIO_Init
                0x08005cd8      0x2d8 ./Drivers/STM32G0xx_HAL_Driver/Src/stm32g0xx_hal_gpio.o
                0x08005cd8                HAL_GPIO_Init
 .text.HAL_GPIO_DeInit
                0x08005fb0      0x1b0 ./Drivers/STM32G0xx_HAL_Driver/Src/stm32g0xx_hal_gpio.o
                0x08005fb0                HAL_GPIO_DeInit
 .text.HAL_GPIO_ReadPin
                0x08006160       0x3a ./Drivers/STM32G0xx_HAL_Driver/Src/stm32g0xx_hal_gpio.o
                0x08006160                HAL_GPIO_ReadPin
 .text.HAL_GPIO_WritePin
                0x0800619a       0x3a ./Drivers/STM32G0xx_HAL_Driver/Src/stm32g0xx_hal_gpio.o
                0x0800619a                HAL_GPIO_WritePin
 .text.HAL_PWREx_ControlVoltageScaling
                0x080061d4       0x80 ./Drivers/STM32G0xx_HAL_Driver/Src/stm32g0xx_hal_pwr_ex.o
                0x080061d4                HAL_PWREx_ControlVoltageScaling
 .text.LL_RCC_GetAPB1Prescaler
                0x08006254       0x18 ./Drivers/STM32G0xx_HAL_Driver/Src/stm32g0xx_hal_rcc.o
 .text.HAL_RCC_OscConfig
                0x0800626c      0x6c0 ./Drivers/STM32G0xx_HAL_Driver/Src/stm32g0xx_hal_rcc.o
                0x0800626c                HAL_RCC_OscConfig
 .text.HAL_RCC_ClockConfig
                0x0800692c      0x210 ./Drivers/STM32G0xx_HAL_Driver/Src/stm32g0xx_hal_rcc.o
                0x0800692c                HAL_RCC_ClockConfig
 .text.HAL_RCC_GetSysClockFreq
                0x08006b3c      0x104 ./Drivers/STM32G0xx_HAL_Driver/Src/stm32g0xx_hal_rcc.o
                0x08006b3c                HAL_RCC_GetSysClockFreq
 .text.HAL_RCC_GetHCLKFreq
                0x08006c40       0x14 ./Drivers/STM32G0xx_HAL_Driver/Src/stm32g0xx_hal_rcc.o
                0x08006c40                HAL_RCC_GetHCLKFreq
 .text.HAL_RCC_GetPCLK1Freq
                0x08006c54       0x2c ./Drivers/STM32G0xx_HAL_Driver/Src/stm32g0xx_hal_rcc.o
                0x08006c54                HAL_RCC_GetPCLK1Freq
 .text.HAL_RCCEx_PeriphCLKConfig
                0x08006c80      0x478 ./Drivers/STM32G0xx_HAL_Driver/Src/stm32g0xx_hal_rcc_ex.o
                0x08006c80                HAL_RCCEx_PeriphCLKConfig
 .text.HAL_UART_Init
                0x080070f8       0xac ./Drivers/STM32G0xx_HAL_Driver/Src/stm32g0xx_hal_uart.o
                0x080070f8                HAL_UART_Init
 .text.HAL_UART_Transmit
                0x080071a4      0x148 ./Drivers/STM32G0xx_HAL_Driver/Src/stm32g0xx_hal_uart.o
                0x080071a4                HAL_UART_Transmit
 .text.UART_SetConfig
                0x080072ec      0x6ac ./Drivers/STM32G0xx_HAL_Driver/Src/stm32g0xx_hal_uart.o
                0x080072ec                UART_SetConfig
 .text.UART_AdvFeatureConfig
                0x08007998      0x168 ./Drivers/STM32G0xx_HAL_Driver/Src/stm32g0xx_hal_uart.o
                0x08007998                UART_AdvFeatureConfig
 .text.UART_CheckIdleState
                0x08007b00      0x154 ./Drivers/STM32G0xx_HAL_Driver/Src/stm32g0xx_hal_uart.o
                0x08007b00                UART_CheckIdleState
 .text.UART_WaitOnFlagUntilTimeout
                0x08007c54       0xde ./Drivers/STM32G0xx_HAL_Driver/Src/stm32g0xx_hal_uart.o
                0x08007c54                UART_WaitOnFlagUntilTimeout
 *fill*         0x08007d32        0x2 
 .text.UART_EndRxTransfer
                0x08007d34       0xcc ./Drivers/STM32G0xx_HAL_Driver/Src/stm32g0xx_hal_uart.o
 .text.HAL_UARTEx_DisableFifoMode
                0x08007e00       0x74 ./Drivers/STM32G0xx_HAL_Driver/Src/stm32g0xx_hal_uart_ex.o
                0x08007e00                HAL_UARTEx_DisableFifoMode
 .text.HAL_UARTEx_SetTxFifoThreshold
                0x08007e74       0x7e ./Drivers/STM32G0xx_HAL_Driver/Src/stm32g0xx_hal_uart_ex.o
                0x08007e74                HAL_UARTEx_SetTxFifoThreshold
 *fill*         0x08007ef2        0x2 
 .text.HAL_UARTEx_SetRxFifoThreshold
                0x08007ef4       0x84 ./Drivers/STM32G0xx_HAL_Driver/Src/stm32g0xx_hal_uart_ex.o
                0x08007ef4                HAL_UARTEx_SetRxFifoThreshold
 .text.UARTEx_SetNbDataToProcess
                0x08007f78       0xbc ./Drivers/STM32G0xx_HAL_Driver/Src/stm32g0xx_hal_uart_ex.o
 .text.snprintf
                0x08008034       0x68 /Applications/STM32CubeIDE.app/Contents/Eclipse/plugins/com.st.stm32cube.ide.mcu.externaltools.gnu-tools-for-stm32.12.3.rel1.macos64_1.0.200.202406191456/tools/bin/../lib/gcc/arm-none-eabi/12.3.1/../../../../arm-none-eabi/lib/thumb/v6-m/nofp/libc_nano.a(libc_a-snprintf.o)
                0x08008034                snprintf
                0x08008034                sniprintf
 .text.memset   0x0800809c       0x10 /Applications/STM32CubeIDE.app/Contents/Eclipse/plugins/com.st.stm32cube.ide.mcu.externaltools.gnu-tools-for-stm32.12.3.rel1.macos64_1.0.200.202406191456/tools/bin/../lib/gcc/arm-none-eabi/12.3.1/../../../../arm-none-eabi/lib/thumb/v6-m/nofp/libc_nano.a(libc_a-memset.o)
                0x0800809c                memset
 .text.__errno  0x080080ac        0xc /Applications/STM32CubeIDE.app/Contents/Eclipse/plugins/com.st.stm32cube.ide.mcu.externaltools.gnu-tools-for-stm32.12.3.rel1.macos64_1.0.200.202406191456/tools/bin/../lib/gcc/arm-none-eabi/12.3.1/../../../../arm-none-eabi/lib/thumb/v6-m/nofp/libc_nano.a(libc_a-errno.o)
                0x080080ac                __errno
 .text.__libc_init_array
                0x080080b8       0x48 /Applications/STM32CubeIDE.app/Contents/Eclipse/plugins/com.st.stm32cube.ide.mcu.externaltools.gnu-tools-for-stm32.12.3.rel1.macos64_1.0.200.202406191456/tools/bin/../lib/gcc/arm-none-eabi/12.3.1/../../../../arm-none-eabi/lib/thumb/v6-m/nofp/libc_nano.a(libc_a-init.o)
                0x080080b8                __libc_init_array
 .text.__retarget_lock_acquire_recursive
                0x08008100        0x2 /Applications/STM32CubeIDE.app/Contents/Eclipse/plugins/com.st.stm32cube.ide.mcu.externaltools.gnu-tools-for-stm32.12.3.rel1.macos64_1.0.200.202406191456/tools/bin/../lib/gcc/arm-none-eabi/12.3.1/../../../../arm-none-eabi/lib/thumb/v6-m/nofp/libc_nano.a(libc_a-lock.o)
                0x08008100                __retarget_lock_acquire_recursive
 .text.__retarget_lock_release_recursive
                0x08008102        0x2 /Applications/STM32CubeIDE.app/Contents/Eclipse/plugins/com.st.stm32cube.ide.mcu.externaltools.gnu-tools-for-stm32.12.3.rel1.macos64_1.0.200.202406191456/tools/bin/../lib/gcc/arm-none-eabi/12.3.1/../../../../arm-none-eabi/lib/thumb/v6-m/nofp/libc_nano.a(libc_a-lock.o)
                0x08008102                __retarget_lock_release_recursive
 .text.__ssputs_r
                0x08008104       0xc0 /Applications/STM32CubeIDE.app/Contents/Eclipse/plugins/com.st.stm32cube.ide.mcu.externaltools.gnu-tools-for-stm32.12.3.rel1.macos64_1.0.200.202406191456/tools/bin/../lib/gcc/arm-none-eabi/12.3.1/../../../../arm-none-eabi/lib/thumb/v6-m/nofp/libc_nano.a(libc_a-nano-svfprintf.o)
                0x08008104                __ssputs_r
 .text._svfprintf_r
                0x080081c4      0x1fc /Applications/STM32CubeIDE.app/Contents/Eclipse/plugins/com.st.stm32cube.ide.mcu.externaltools.gnu-tools-for-stm32.12.3.rel1.macos64_1.0.200.202406191456/tools/bin/../lib/gcc/arm-none-eabi/12.3.1/../../../../arm-none-eabi/lib/thumb/v6-m/nofp/libc_nano.a(libc_a-nano-svfprintf.o)
                0x080081c4                _svfprintf_r
                0x080081c4                _svfiprintf_r
 .text.sbrk_aligned
                0x080083c0       0x44 /Applications/STM32CubeIDE.app/Contents/Eclipse/plugins/com.st.stm32cube.ide.mcu.externaltools.gnu-tools-for-stm32.12.3.rel1.macos64_1.0.200.202406191456/tools/bin/../lib/gcc/arm-none-eabi/12.3.1/../../../../arm-none-eabi/lib/thumb/v6-m/nofp/libc_nano.a(libc_a-mallocr.o)
 .text._malloc_r
                0x08008404      0x100 /Applications/STM32CubeIDE.app/Contents/Eclipse/plugins/com.st.stm32cube.ide.mcu.externaltools.gnu-tools-for-stm32.12.3.rel1.macos64_1.0.200.202406191456/tools/bin/../lib/gcc/arm-none-eabi/12.3.1/../../../../arm-none-eabi/lib/thumb/v6-m/nofp/libc_nano.a(libc_a-mallocr.o)
                0x08008404                _malloc_r
 .text._printf_common
                0x08008504       0xde /Applications/STM32CubeIDE.app/Contents/Eclipse/plugins/com.st.stm32cube.ide.mcu.externaltools.gnu-tools-for-stm32.12.3.rel1.macos64_1.0.200.202406191456/tools/bin/../lib/gcc/arm-none-eabi/12.3.1/../../../../arm-none-eabi/lib/thumb/v6-m/nofp/libc_nano.a(libc_a-nano-vfprintf_i.o)
                0x08008504                _printf_common
 *fill*         0x080085e2        0x2 
 .text._printf_i
                0x080085e4      0x21c /Applications/STM32CubeIDE.app/Contents/Eclipse/plugins/com.st.stm32cube.ide.mcu.externaltools.gnu-tools-for-stm32.12.3.rel1.macos64_1.0.200.202406191456/tools/bin/../lib/gcc/arm-none-eabi/12.3.1/../../../../arm-none-eabi/lib/thumb/v6-m/nofp/libc_nano.a(libc_a-nano-vfprintf_i.o)
                0x080085e4                _printf_i
 .text.__malloc_lock
                0x08008800       0x10 /Applications/STM32CubeIDE.app/Contents/Eclipse/plugins/com.st.stm32cube.ide.mcu.externaltools.gnu-tools-for-stm32.12.3.rel1.macos64_1.0.200.202406191456/tools/bin/../lib/gcc/arm-none-eabi/12.3.1/../../../../arm-none-eabi/lib/thumb/v6-m/nofp/libc_nano.a(libc_a-mlock.o)
                0x08008800                __malloc_lock
 .text.__malloc_unlock
                0x08008810       0x10 /Applications/STM32CubeIDE.app/Contents/Eclipse/plugins/com.st.stm32cube.ide.mcu.externaltools.gnu-tools-for-stm32.12.3.rel1.macos64_1.0.200.202406191456/tools/bin/../lib/gcc/arm-none-eabi/12.3.1/../../../../arm-none-eabi/lib/thumb/v6-m/nofp/libc_nano.a(libc_a-mlock.o)
                0x08008810                __malloc_unlock
 .text._realloc_r
                0x08008820       0x5e /Applications/STM32CubeIDE.app/Contents/Eclipse/plugins/com.st.stm32cube.ide.mcu.externaltools.gnu-tools-for-stm32.12.3.rel1.macos64_1.0.200.202406191456/tools/bin/../lib/gcc/arm-none-eabi/12.3.1/../../../../arm-none-eabi/lib/thumb/v6-m/nofp/libc_nano.a(libc_a-reallocr.o)
                0x08008820                _realloc_r
 .text.memmove  0x0800887e       0x26 /Applications/STM32CubeIDE.app/Contents/Eclipse/plugins/com.st.stm32cube.ide.mcu.externaltools.gnu-tools-for-stm32.12.3.rel1.macos64_1.0.200.202406191456/tools/bin/../lib/gcc/arm-none-eabi/12.3.1/../../../../arm-none-eabi/lib/thumb/v6-m/nofp/libc_nano.a(libc_a-memmove.o)
                0x0800887e                memmove
 .text._sbrk_r  0x080088a4       0x24 /Applications/STM32CubeIDE.app/Contents/Eclipse/plugins/com.st.stm32cube.ide.mcu.externaltools.gnu-tools-for-stm32.12.3.rel1.macos64_1.0.200.202406191456/tools/bin/../lib/gcc/arm-none-eabi/12.3.1/../../../../arm-none-eabi/lib/thumb/v6-m/nofp/libc_nano.a(libc_a-sbrkr.o)
                0x080088a4                _sbrk_r
 .text.memchr   0x080088c8       0x16 /Applications/STM32CubeIDE.app/Contents/Eclipse/plugins/com.st.stm32cube.ide.mcu.externaltools.gnu-tools-for-stm32.12.3.rel1.macos64_1.0.200.202406191456/tools/bin/../lib/gcc/arm-none-eabi/12.3.1/../../../../arm-none-eabi/lib/thumb/v6-m/nofp/libc_nano.a(libc_a-memchr-stub.o)
                0x080088c8                memchr
 .text.memcpy   0x080088de       0x12 /Applications/STM32CubeIDE.app/Contents/Eclipse/plugins/com.st.stm32cube.ide.mcu.externaltools.gnu-tools-for-stm32.12.3.rel1.macos64_1.0.200.202406191456/tools/bin/../lib/gcc/arm-none-eabi/12.3.1/../../../../arm-none-eabi/lib/thumb/v6-m/nofp/libc_nano.a(libc_a-memcpy-stub.o)
                0x080088de                memcpy
 .text._free_r  0x080088f0       0x94 /Applications/STM32CubeIDE.app/Contents/Eclipse/plugins/com.st.stm32cube.ide.mcu.externaltools.gnu-tools-for-stm32.12.3.rel1.macos64_1.0.200.202406191456/tools/bin/../lib/gcc/arm-none-eabi/12.3.1/../../../../arm-none-eabi/lib/thumb/v6-m/nofp/libc_nano.a(libc_a-freer.o)
                0x080088f0                _free_r
 .text._malloc_usable_size_r
                0x08008984       0x10 /Applications/STM32CubeIDE.app/Contents/Eclipse/plugins/com.st.stm32cube.ide.mcu.externaltools.gnu-tools-for-stm32.12.3.rel1.macos64_1.0.200.202406191456/tools/bin/../lib/gcc/arm-none-eabi/12.3.1/../../../../arm-none-eabi/lib/thumb/v6-m/nofp/libc_nano.a(libc_a-msizer.o)
                0x08008984                _malloc_usable_size_r
 *(.glue_7)
 .glue_7        0x08008994        0x0 linker stubs
 *(.glue_7t)
 .glue_7t       0x08008994        0x0 linker stubs
 *(.eh_frame)
 .eh_frame      0x08008994        0x0 /Applications/STM32CubeIDE.app/Contents/Eclipse/plugins/com.st.stm32cube.ide.mcu.externaltools.gnu-tools-for-stm32.12.3.rel1.macos64_1.0.200.202406191456/tools/bin/../lib/gcc/arm-none-eabi/12.3.1/thumb/v6-m/nofp/crtbegin.o
 *(.init)
 .init          0x08008994        0x4 /Applications/STM32CubeIDE.app/Contents/Eclipse/plugins/com.st.stm32cube.ide.mcu.externaltools.gnu-tools-for-stm32.12.3.rel1.macos64_1.0.200.202406191456/tools/bin/../lib/gcc/arm-none-eabi/12.3.1/thumb/v6-m/nofp/crti.o
                0x08008994                _init
 .init          0x08008998        0x8 /Applications/STM32CubeIDE.app/Contents/Eclipse/plugins/com.st.stm32cube.ide.mcu.externaltools.gnu-tools-for-stm32.12.3.rel1.macos64_1.0.200.202406191456/tools/bin/../lib/gcc/arm-none-eabi/12.3.1/thumb/v6-m/nofp/crtn.o
 *(.fini)
 .fini          0x080089a0        0x4 /Applications/STM32CubeIDE.app/Contents/Eclipse/plugins/com.st.stm32cube.ide.mcu.externaltools.gnu-tools-for-stm32.12.3.rel1.macos64_1.0.200.202406191456/tools/bin/../lib/gcc/arm-none-eabi/12.3.1/thumb/v6-m/nofp/crti.o
                0x080089a0                _fini
 .fini          0x080089a4        0x8 /Applications/STM32CubeIDE.app/Contents/Eclipse/plugins/com.st.stm32cube.ide.mcu.externaltools.gnu-tools-for-stm32.12.3.rel1.macos64_1.0.200.202406191456/tools/bin/../lib/gcc/arm-none-eabi/12.3.1/thumb/v6-m/nofp/crtn.o
                0x080089ac                        . = ALIGN (0x4)
                0x080089ac                        _etext = .

.vfp11_veneer   0x080089ac        0x0
 .vfp11_veneer  0x080089ac        0x0 linker stubs

.v4_bx          0x080089ac        0x0
 .v4_bx         0x080089ac        0x0 linker stubs

.iplt           0x080089ac        0x0
 .iplt          0x080089ac        0x0 /Applications/STM32CubeIDE.app/Contents/Eclipse/plugins/com.st.stm32cube.ide.mcu.externaltools.gnu-tools-for-stm32.12.3.rel1.macos64_1.0.200.202406191456/tools/bin/../lib/gcc/arm-none-eabi/12.3.1/thumb/v6-m/nofp/crtbegin.o

.rodata         0x080089ac      0x35c
                0x080089ac                        . = ALIGN (0x4)
 *(.rodata)
 .rodata        0x080089ac      0x213 ./Core/Src/main.o
 *fill*         0x08008bbf        0x1 
 .rodata        0x08008bc0       0x7c /Applications/STM32CubeIDE.app/Contents/Eclipse/plugins/com.st.stm32cube.ide.mcu.externaltools.gnu-tools-for-stm32.12.3.rel1.macos64_1.0.200.202406191456/tools/bin/../lib/gcc/arm-none-eabi/12.3.1/thumb/v6-m/nofp/libgcc.a(divsf3.o)
 *(.rodata*)
 .rodata.AHBPrescTable
                0x08008c3c       0x40 ./Core/Src/system_stm32g0xx.o
                0x08008c3c                AHBPrescTable
 .rodata.APBPrescTable
                0x08008c7c       0x20 ./Core/Src/system_stm32g0xx.o
                0x08008c7c                APBPrescTable
 .rodata.DLCtoBytes
                0x08008c9c       0x10 ./Drivers/STM32G0xx_HAL_Driver/Src/stm32g0xx_hal_fdcan.o
 .rodata.UARTPrescTable
                0x08008cac       0x18 ./Drivers/STM32G0xx_HAL_Driver/Src/stm32g0xx_hal_uart.o
                0x08008cac                UARTPrescTable
 .rodata.numerator.1
                0x08008cc4        0x8 ./Drivers/STM32G0xx_HAL_Driver/Src/stm32g0xx_hal_uart_ex.o
 .rodata.denominator.0
                0x08008ccc        0x8 ./Drivers/STM32G0xx_HAL_Driver/Src/stm32g0xx_hal_uart_ex.o
 .rodata._svfprintf_r.str1.1
                0x08008cd4       0x11 /Applications/STM32CubeIDE.app/Contents/Eclipse/plugins/com.st.stm32cube.ide.mcu.externaltools.gnu-tools-for-stm32.12.3.rel1.macos64_1.0.200.202406191456/tools/bin/../lib/gcc/arm-none-eabi/12.3.1/../../../../arm-none-eabi/lib/thumb/v6-m/nofp/libc_nano.a(libc_a-nano-svfprintf.o)
 .rodata._printf_i.str1.1
                0x08008ce5       0x22 /Applications/STM32CubeIDE.app/Contents/Eclipse/plugins/com.st.stm32cube.ide.mcu.externaltools.gnu-tools-for-stm32.12.3.rel1.macos64_1.0.200.202406191456/tools/bin/../lib/gcc/arm-none-eabi/12.3.1/../../../../arm-none-eabi/lib/thumb/v6-m/nofp/libc_nano.a(libc_a-nano-vfprintf_i.o)
                0x08008d08                        . = ALIGN (0x4)
 *fill*         0x08008d07        0x1 

.ARM.extab      0x08008d08        0x0
                0x08008d08                        . = ALIGN (0x4)
 *(.ARM.extab* .gnu.linkonce.armextab.*)
                0x08008d08                        . = ALIGN (0x4)

.ARM            0x08008d08        0x8
                0x08008d08                        . = ALIGN (0x4)
                0x08008d08                        __exidx_start = .
 *(.ARM.exidx*)
 .ARM.exidx     0x08008d08        0x8 /Applications/STM32CubeIDE.app/Contents/Eclipse/plugins/com.st.stm32cube.ide.mcu.externaltools.gnu-tools-for-stm32.12.3.rel1.macos64_1.0.200.202406191456/tools/bin/../lib/gcc/arm-none-eabi/12.3.1/thumb/v6-m/nofp/libgcc.a(_udivmoddi4.o)
                0x08008d10                        __exidx_end = .
                0x08008d10                        . = ALIGN (0x4)

.preinit_array  0x08008d10        0x0
                0x08008d10                        . = ALIGN (0x4)
                0x08008d10                        PROVIDE (__preinit_array_start = .)
 *(.preinit_array*)
                0x08008d10                        PROVIDE (__preinit_array_end = .)
                0x08008d10                        . = ALIGN (0x4)

.init_array     0x08008d10        0x4
                0x08008d10                        . = ALIGN (0x4)
                0x08008d10                        PROVIDE (__init_array_start = .)
 *(SORT_BY_NAME(.init_array.*))
 *(.init_array*)
 .init_array    0x08008d10        0x4 /Applications/STM32CubeIDE.app/Contents/Eclipse/plugins/com.st.stm32cube.ide.mcu.externaltools.gnu-tools-for-stm32.12.3.rel1.macos64_1.0.200.202406191456/tools/bin/../lib/gcc/arm-none-eabi/12.3.1/thumb/v6-m/nofp/crtbegin.o
                0x08008d14                        PROVIDE (__init_array_end = .)
                0x08008d14                        . = ALIGN (0x4)

.fini_array     0x08008d14        0x4
                0x08008d14                        . = ALIGN (0x4)
                [!provide]                        PROVIDE (__fini_array_start = .)
 *(SORT_BY_NAME(.fini_array.*))
 *(.fini_array*)
 .fini_array    0x08008d14        0x4 /Applications/STM32CubeIDE.app/Contents/Eclipse/plugins/com.st.stm32cube.ide.mcu.externaltools.gnu-tools-for-stm32.12.3.rel1.macos64_1.0.200.202406191456/tools/bin/../lib/gcc/arm-none-eabi/12.3.1/thumb/v6-m/nofp/crtbegin.o
                [!provide]                        PROVIDE (__fini_array_end = .)
                0x08008d18                        . = ALIGN (0x4)
                0x08008d18                        _sidata = LOADADDR (.data)

.rel.dyn        0x08008d18        0x0
 .rel.iplt      0x08008d18        0x0 /Applications/STM32CubeIDE.app/Contents/Eclipse/plugins/com.st.stm32cube.ide.mcu.externaltools.gnu-tools-for-stm32.12.3.rel1.macos64_1.0.200.202406191456/tools/bin/../lib/gcc/arm-none-eabi/12.3.1/thumb/v6-m/nofp/crtbegin.o

.data           0x20000000       0x74 load address 0x08008d18
                0x20000000                        . = ALIGN (0x4)
                0x20000000                        _sdata = .
 *(.data)
 *(.data*)
 .data.calibrationModeBool
                0x20000000        0x1 ./Core/Src/main.o
                0x20000000                calibrationModeBool
 *fill*         0x20000001        0x1 
 .data.accel5VMax
                0x20000002        0x2 ./Core/Src/main.o
                0x20000002                accel5VMax
 .data.accel5VMin
                0x20000004        0x2 ./Core/Src/main.o
                0x20000004                accel5VMin
 .data.accel3VMax
                0x20000006        0x2 ./Core/Src/main.o
                0x20000006                accel3VMax
 .data.accel3VMin
                0x20000008        0x2 ./Core/Src/main.o
                0x20000008                accel3VMin
 .data.accel5VMaxThresh
                0x2000000a        0x2 ./Core/Src/main.o
                0x2000000a                accel5VMaxThresh
 .data.accel5VMinThresh
                0x2000000c        0x2 ./Core/Src/main.o
                0x2000000c                accel5VMinThresh
 .data.accel3VMaxThresh
                0x2000000e        0x2 ./Core/Src/main.o
                0x2000000e                accel3VMaxThresh
 .data.accel3VMinThresh
                0x20000010        0x2 ./Core/Src/main.o
                0x20000010                accel3VMinThresh
 .data.CANId    0x20000012        0x2 ./Core/Src/main.o
                0x20000012                CANId
 .data.buffSz   0x20000014        0x1 ./Core/Src/main.o
                0x20000014                buffSz
 *fill*         0x20000015        0x3 
 .data.SystemCoreClock
                0x20000018        0x4 ./Core/Src/system_stm32g0xx.o
                0x20000018                SystemCoreClock
 .data.uwTickPrio
                0x2000001c        0x4 ./Drivers/STM32G0xx_HAL_Driver/Src/stm32g0xx_hal.o
                0x2000001c                uwTickPrio
 .data.uwTickFreq
                0x20000020        0x1 ./Drivers/STM32G0xx_HAL_Driver/Src/stm32g0xx_hal.o
                0x20000020                uwTickFreq
 *fill*         0x20000021        0x3 
 .data._impure_ptr
                0x20000024        0x4 /Applications/STM32CubeIDE.app/Contents/Eclipse/plugins/com.st.stm32cube.ide.mcu.externaltools.gnu-tools-for-stm32.12.3.rel1.macos64_1.0.200.202406191456/tools/bin/../lib/gcc/arm-none-eabi/12.3.1/../../../../arm-none-eabi/lib/thumb/v6-m/nofp/libc_nano.a(libc_a-impure.o)
                0x20000024                _impure_ptr
 .data._impure_data
                0x20000028       0x4c /Applications/STM32CubeIDE.app/Contents/Eclipse/plugins/com.st.stm32cube.ide.mcu.externaltools.gnu-tools-for-stm32.12.3.rel1.macos64_1.0.200.202406191456/tools/bin/../lib/gcc/arm-none-eabi/12.3.1/../../../../arm-none-eabi/lib/thumb/v6-m/nofp/libc_nano.a(libc_a-impure.o)
                0x20000028                _impure_data
 *(.RamFunc)
 *(.RamFunc*)
                0x20000074                        . = ALIGN (0x4)
                0x20000074                        _edata = .

.igot.plt       0x20000074        0x0 load address 0x08008d8c
 .igot.plt      0x20000074        0x0 /Applications/STM32CubeIDE.app/Contents/Eclipse/plugins/com.st.stm32cube.ide.mcu.externaltools.gnu-tools-for-stm32.12.3.rel1.macos64_1.0.200.202406191456/tools/bin/../lib/gcc/arm-none-eabi/12.3.1/thumb/v6-m/nofp/crtbegin.o
                0x20000074                        . = ALIGN (0x4)

.bss            0x20000074      0x3a0 load address 0x08008d8c
                0x20000074                        _sbss = .
                0x20000074                        __bss_start__ = _sbss
 *(.bss)
 .bss           0x20000074       0x1c /Applications/STM32CubeIDE.app/Contents/Eclipse/plugins/com.st.stm32cube.ide.mcu.externaltools.gnu-tools-for-stm32.12.3.rel1.macos64_1.0.200.202406191456/tools/bin/../lib/gcc/arm-none-eabi/12.3.1/thumb/v6-m/nofp/crtbegin.o
 *(.bss*)
 .bss.hadc1     0x20000090       0x64 ./Core/Src/main.o
                0x20000090                hadc1
 .bss.hdma_adc1
                0x200000f4       0x60 ./Core/Src/main.o
                0x200000f4                hdma_adc1
 .bss.hfdcan1   0x20000154       0x64 ./Core/Src/main.o
                0x20000154                hfdcan1
 .bss.huart2    0x200001b8       0x94 ./Core/Src/main.o
                0x200001b8                huart2
 .bss.adcDMA    0x2000024c        0x4 ./Core/Src/main.o
                0x2000024c                adcDMA
 .bss.adcConvComp
                0x20000250        0x4 ./Core/Src/main.o
                0x20000250                adcConvComp
 .bss.btn0      0x20000254        0x1 ./Core/Src/main.o
                0x20000254                btn0
 .bss.brakeBtn  0x20000255        0x1 ./Core/Src/main.o
                0x20000255                brakeBtn
 .bss.resetBtn  0x20000256        0x1 ./Core/Src/main.o
                0x20000256                resetBtn
 .bss.testingModeBool
                0x20000257        0x1 ./Core/Src/main.o
                0x20000257                testingModeBool
 .bss.pedalImplausibilityBool
                0x20000258        0x1 ./Core/Src/main.o
                0x20000258                pedalImplausibilityBool
 .bss.brakeImplausibilityBool
                0x20000259        0x1 ./Core/Src/main.o
                0x20000259                brakeImplausibilityBool
 .bss.implausibility
                0x2000025a        0x1 ./Core/Src/main.o
                0x2000025a                implausibility
 .bss.new5VMaxCnt
                0x2000025b        0x1 ./Core/Src/main.o
                0x2000025b                new5VMaxCnt
 .bss.new5VMinCnt
                0x2000025c        0x1 ./Core/Src/main.o
                0x2000025c                new5VMinCnt
 .bss.new3VMaxCnt
                0x2000025d        0x1 ./Core/Src/main.o
                0x2000025d                new3VMaxCnt
 .bss.new3VMinCnt
                0x2000025e        0x1 ./Core/Src/main.o
                0x2000025e                new3VMinCnt
 .bss.accel5VPercentage
                0x2000025f        0x1 ./Core/Src/main.o
                0x2000025f                accel5VPercentage
 .bss.accel3VPercentage
                0x20000260        0x1 ./Core/Src/main.o
                0x20000260                accel3VPercentage
 .bss.accelImplausabilityPercentage
                0x20000261        0x1 ./Core/Src/main.o
                0x20000261                accelImplausabilityPercentage
 .bss.accelAvgPercentage
                0x20000262        0x1 ./Core/Src/main.o
                0x20000262                accelAvgPercentage
 .bss.accelCANPercentage
                0x20000263        0x1 ./Core/Src/main.o
                0x20000263                accelCANPercentage
 .bss.accelerationImplausibilityTimer
                0x20000264        0x4 ./Core/Src/main.o
                0x20000264                accelerationImplausibilityTimer
 .bss.brakeImplausibilityTimer
                0x20000268        0x4 ./Core/Src/main.o
                0x20000268                brakeImplausibilityTimer
 .bss.CANErrorMsgCnt
                0x2000026c        0x1 ./Core/Src/main.o
                0x2000026c                CANErrorMsgCnt
 .bss.msgCnt    0x2000026d        0x1 ./Core/Src/main.o
                0x2000026d                msgCnt
 *fill*         0x2000026e        0x2 
 .bss.msgBuff   0x20000270       0x50 ./Core/Src/main.o
                0x20000270                msgBuff
 .bss.msgSz     0x200002c0        0x1 ./Core/Src/main.o
                0x200002c0                msgSz
 *fill*         0x200002c1        0x3 
 .bss.__sbrk_heap_end
                0x200002c4        0x4 ./Core/Src/sysmem.o
 .bss.uwTick    0x200002c8        0x4 ./Drivers/STM32G0xx_HAL_Driver/Src/stm32g0xx_hal.o
                0x200002c8                uwTick
 .bss.__sf      0x200002cc      0x138 /Applications/STM32CubeIDE.app/Contents/Eclipse/plugins/com.st.stm32cube.ide.mcu.externaltools.gnu-tools-for-stm32.12.3.rel1.macos64_1.0.200.202406191456/tools/bin/../lib/gcc/arm-none-eabi/12.3.1/../../../../arm-none-eabi/lib/thumb/v6-m/nofp/libc_nano.a(libc_a-findfp.o)
                0x200002cc                __sf
 .bss.__lock___malloc_recursive_mutex
                0x20000404        0x1 /Applications/STM32CubeIDE.app/Contents/Eclipse/plugins/com.st.stm32cube.ide.mcu.externaltools.gnu-tools-for-stm32.12.3.rel1.macos64_1.0.200.202406191456/tools/bin/../lib/gcc/arm-none-eabi/12.3.1/../../../../arm-none-eabi/lib/thumb/v6-m/nofp/libc_nano.a(libc_a-lock.o)
                0x20000404                __lock___malloc_recursive_mutex
 *fill*         0x20000405        0x3 
 .bss.__malloc_sbrk_start
                0x20000408        0x4 /Applications/STM32CubeIDE.app/Contents/Eclipse/plugins/com.st.stm32cube.ide.mcu.externaltools.gnu-tools-for-stm32.12.3.rel1.macos64_1.0.200.202406191456/tools/bin/../lib/gcc/arm-none-eabi/12.3.1/../../../../arm-none-eabi/lib/thumb/v6-m/nofp/libc_nano.a(libc_a-mallocr.o)
                0x20000408                __malloc_sbrk_start
 .bss.__malloc_free_list
                0x2000040c        0x4 /Applications/STM32CubeIDE.app/Contents/Eclipse/plugins/com.st.stm32cube.ide.mcu.externaltools.gnu-tools-for-stm32.12.3.rel1.macos64_1.0.200.202406191456/tools/bin/../lib/gcc/arm-none-eabi/12.3.1/../../../../arm-none-eabi/lib/thumb/v6-m/nofp/libc_nano.a(libc_a-mallocr.o)
                0x2000040c                __malloc_free_list
 .bss.errno     0x20000410        0x4 /Applications/STM32CubeIDE.app/Contents/Eclipse/plugins/com.st.stm32cube.ide.mcu.externaltools.gnu-tools-for-stm32.12.3.rel1.macos64_1.0.200.202406191456/tools/bin/../lib/gcc/arm-none-eabi/12.3.1/../../../../arm-none-eabi/lib/thumb/v6-m/nofp/libc_nano.a(libc_a-reent.o)
                0x20000410                errno
 *(COMMON)
                0x20000414                        . = ALIGN (0x4)
                0x20000414                        _ebss = .
                0x20000414                        __bss_end__ = _ebss

._user_heap_stack
                0x20000414      0x604 load address 0x08008d8c
                0x20000418                        . = ALIGN (0x8)
 *fill*         0x20000414        0x4 
                [!provide]                        PROVIDE (end = .)
                0x20000418                        PROVIDE (_end = .)
                0x20000618                        . = (. + _Min_Heap_Size)
 *fill*         0x20000418      0x200 
                0x20000a18                        . = (. + _Min_Stack_Size)
 *fill*         0x20000618      0x400 
                0x20000a18                        . = ALIGN (0x8)

/DISCARD/
 libc.a(*)
 libm.a(*)
 libgcc.a(*)

.ARM.attributes
                0x00000000       0x28
 *(.ARM.attributes)
 .ARM.attributes
                0x00000000       0x1e /Applications/STM32CubeIDE.app/Contents/Eclipse/plugins/com.st.stm32cube.ide.mcu.externaltools.gnu-tools-for-stm32.12.3.rel1.macos64_1.0.200.202406191456/tools/bin/../lib/gcc/arm-none-eabi/12.3.1/thumb/v6-m/nofp/crti.o
 .ARM.attributes
                0x0000001e       0x2c /Applications/STM32CubeIDE.app/Contents/Eclipse/plugins/com.st.stm32cube.ide.mcu.externaltools.gnu-tools-for-stm32.12.3.rel1.macos64_1.0.200.202406191456/tools/bin/../lib/gcc/arm-none-eabi/12.3.1/thumb/v6-m/nofp/crtbegin.o
 .ARM.attributes
                0x0000004a       0x2c ./Core/Src/main.o
 .ARM.attributes
                0x00000076       0x2c ./Core/Src/stm32g0xx_hal_msp.o
 .ARM.attributes
                0x000000a2       0x2c ./Core/Src/stm32g0xx_it.o
 .ARM.attributes
                0x000000ce       0x2c ./Core/Src/sysmem.o
 .ARM.attributes
                0x000000fa       0x2c ./Core/Src/system_stm32g0xx.o
 .ARM.attributes
                0x00000126       0x22 ./Core/Startup/startup_stm32g0b1retx.o
 .ARM.attributes
                0x00000148       0x2c ./Drivers/STM32G0xx_HAL_Driver/Src/stm32g0xx_hal.o
 .ARM.attributes
                0x00000174       0x2c ./Drivers/STM32G0xx_HAL_Driver/Src/stm32g0xx_hal_adc.o
 .ARM.attributes
                0x000001a0       0x2c ./Drivers/STM32G0xx_HAL_Driver/Src/stm32g0xx_hal_cortex.o
 .ARM.attributes
                0x000001cc       0x2c ./Drivers/STM32G0xx_HAL_Driver/Src/stm32g0xx_hal_dma.o
 .ARM.attributes
                0x000001f8       0x2c ./Drivers/STM32G0xx_HAL_Driver/Src/stm32g0xx_hal_fdcan.o
 .ARM.attributes
                0x00000224       0x2c ./Drivers/STM32G0xx_HAL_Driver/Src/stm32g0xx_hal_gpio.o
 .ARM.attributes
                0x00000250       0x2c ./Drivers/STM32G0xx_HAL_Driver/Src/stm32g0xx_hal_pwr_ex.o
 .ARM.attributes
                0x0000027c       0x2c ./Drivers/STM32G0xx_HAL_Driver/Src/stm32g0xx_hal_rcc.o
 .ARM.attributes
                0x000002a8       0x2c ./Drivers/STM32G0xx_HAL_Driver/Src/stm32g0xx_hal_rcc_ex.o
 .ARM.attributes
                0x000002d4       0x2c ./Drivers/STM32G0xx_HAL_Driver/Src/stm32g0xx_hal_uart.o
 .ARM.attributes
                0x00000300       0x2c ./Drivers/STM32G0xx_HAL_Driver/Src/stm32g0xx_hal_uart_ex.o
 .ARM.attributes
                0x0000032c       0x2c /Applications/STM32CubeIDE.app/Contents/Eclipse/plugins/com.st.stm32cube.ide.mcu.externaltools.gnu-tools-for-stm32.12.3.rel1.macos64_1.0.200.202406191456/tools/bin/../lib/gcc/arm-none-eabi/12.3.1/../../../../arm-none-eabi/lib/thumb/v6-m/nofp/libc_nano.a(libc_a-snprintf.o)
 .ARM.attributes
                0x00000358       0x2c /Applications/STM32CubeIDE.app/Contents/Eclipse/plugins/com.st.stm32cube.ide.mcu.externaltools.gnu-tools-for-stm32.12.3.rel1.macos64_1.0.200.202406191456/tools/bin/../lib/gcc/arm-none-eabi/12.3.1/../../../../arm-none-eabi/lib/thumb/v6-m/nofp/libc_nano.a(libc_a-findfp.o)
 .ARM.attributes
                0x00000384       0x2c /Applications/STM32CubeIDE.app/Contents/Eclipse/plugins/com.st.stm32cube.ide.mcu.externaltools.gnu-tools-for-stm32.12.3.rel1.macos64_1.0.200.202406191456/tools/bin/../lib/gcc/arm-none-eabi/12.3.1/../../../../arm-none-eabi/lib/thumb/v6-m/nofp/libc_nano.a(libc_a-memset.o)
 .ARM.attributes
                0x000003b0       0x2c /Applications/STM32CubeIDE.app/Contents/Eclipse/plugins/com.st.stm32cube.ide.mcu.externaltools.gnu-tools-for-stm32.12.3.rel1.macos64_1.0.200.202406191456/tools/bin/../lib/gcc/arm-none-eabi/12.3.1/../../../../arm-none-eabi/lib/thumb/v6-m/nofp/libc_nano.a(libc_a-impure.o)
 .ARM.attributes
                0x000003dc       0x2c /Applications/STM32CubeIDE.app/Contents/Eclipse/plugins/com.st.stm32cube.ide.mcu.externaltools.gnu-tools-for-stm32.12.3.rel1.macos64_1.0.200.202406191456/tools/bin/../lib/gcc/arm-none-eabi/12.3.1/../../../../arm-none-eabi/lib/thumb/v6-m/nofp/libc_nano.a(libc_a-errno.o)
 .ARM.attributes
                0x00000408       0x2c /Applications/STM32CubeIDE.app/Contents/Eclipse/plugins/com.st.stm32cube.ide.mcu.externaltools.gnu-tools-for-stm32.12.3.rel1.macos64_1.0.200.202406191456/tools/bin/../lib/gcc/arm-none-eabi/12.3.1/../../../../arm-none-eabi/lib/thumb/v6-m/nofp/libc_nano.a(libc_a-init.o)
 .ARM.attributes
                0x00000434       0x2c /Applications/STM32CubeIDE.app/Contents/Eclipse/plugins/com.st.stm32cube.ide.mcu.externaltools.gnu-tools-for-stm32.12.3.rel1.macos64_1.0.200.202406191456/tools/bin/../lib/gcc/arm-none-eabi/12.3.1/../../../../arm-none-eabi/lib/thumb/v6-m/nofp/libc_nano.a(libc_a-lock.o)
 .ARM.attributes
                0x00000460       0x2c /Applications/STM32CubeIDE.app/Contents/Eclipse/plugins/com.st.stm32cube.ide.mcu.externaltools.gnu-tools-for-stm32.12.3.rel1.macos64_1.0.200.202406191456/tools/bin/../lib/gcc/arm-none-eabi/12.3.1/../../../../arm-none-eabi/lib/thumb/v6-m/nofp/libc_nano.a(libc_a-nano-svfprintf.o)
 .ARM.attributes
                0x0000048c       0x2c /Applications/STM32CubeIDE.app/Contents/Eclipse/plugins/com.st.stm32cube.ide.mcu.externaltools.gnu-tools-for-stm32.12.3.rel1.macos64_1.0.200.202406191456/tools/bin/../lib/gcc/arm-none-eabi/12.3.1/../../../../arm-none-eabi/lib/thumb/v6-m/nofp/libc_nano.a(libc_a-mallocr.o)
 .ARM.attributes
                0x000004b8       0x2c /Applications/STM32CubeIDE.app/Contents/Eclipse/plugins/com.st.stm32cube.ide.mcu.externaltools.gnu-tools-for-stm32.12.3.rel1.macos64_1.0.200.202406191456/tools/bin/../lib/gcc/arm-none-eabi/12.3.1/../../../../arm-none-eabi/lib/thumb/v6-m/nofp/libc_nano.a(libc_a-nano-vfprintf_i.o)
 .ARM.attributes
                0x000004e4       0x2c /Applications/STM32CubeIDE.app/Contents/Eclipse/plugins/com.st.stm32cube.ide.mcu.externaltools.gnu-tools-for-stm32.12.3.rel1.macos64_1.0.200.202406191456/tools/bin/../lib/gcc/arm-none-eabi/12.3.1/../../../../arm-none-eabi/lib/thumb/v6-m/nofp/libc_nano.a(libc_a-mlock.o)
 .ARM.attributes
                0x00000510       0x2c /Applications/STM32CubeIDE.app/Contents/Eclipse/plugins/com.st.stm32cube.ide.mcu.externaltools.gnu-tools-for-stm32.12.3.rel1.macos64_1.0.200.202406191456/tools/bin/../lib/gcc/arm-none-eabi/12.3.1/../../../../arm-none-eabi/lib/thumb/v6-m/nofp/libc_nano.a(libc_a-reallocr.o)
 .ARM.attributes
                0x0000053c       0x2c /Applications/STM32CubeIDE.app/Contents/Eclipse/plugins/com.st.stm32cube.ide.mcu.externaltools.gnu-tools-for-stm32.12.3.rel1.macos64_1.0.200.202406191456/tools/bin/../lib/gcc/arm-none-eabi/12.3.1/../../../../arm-none-eabi/lib/thumb/v6-m/nofp/libc_nano.a(libc_a-memmove.o)
 .ARM.attributes
                0x00000568       0x2c /Applications/STM32CubeIDE.app/Contents/Eclipse/plugins/com.st.stm32cube.ide.mcu.externaltools.gnu-tools-for-stm32.12.3.rel1.macos64_1.0.200.202406191456/tools/bin/../lib/gcc/arm-none-eabi/12.3.1/../../../../arm-none-eabi/lib/thumb/v6-m/nofp/libc_nano.a(libc_a-reent.o)
 .ARM.attributes
                0x00000594       0x2c /Applications/STM32CubeIDE.app/Contents/Eclipse/plugins/com.st.stm32cube.ide.mcu.externaltools.gnu-tools-for-stm32.12.3.rel1.macos64_1.0.200.202406191456/tools/bin/../lib/gcc/arm-none-eabi/12.3.1/../../../../arm-none-eabi/lib/thumb/v6-m/nofp/libc_nano.a(libc_a-sbrkr.o)
 .ARM.attributes
                0x000005c0       0x2c /Applications/STM32CubeIDE.app/Contents/Eclipse/plugins/com.st.stm32cube.ide.mcu.externaltools.gnu-tools-for-stm32.12.3.rel1.macos64_1.0.200.202406191456/tools/bin/../lib/gcc/arm-none-eabi/12.3.1/../../../../arm-none-eabi/lib/thumb/v6-m/nofp/libc_nano.a(libc_a-memchr-stub.o)
 .ARM.attributes
                0x000005ec       0x2c /Applications/STM32CubeIDE.app/Contents/Eclipse/plugins/com.st.stm32cube.ide.mcu.externaltools.gnu-tools-for-stm32.12.3.rel1.macos64_1.0.200.202406191456/tools/bin/../lib/gcc/arm-none-eabi/12.3.1/../../../../arm-none-eabi/lib/thumb/v6-m/nofp/libc_nano.a(libc_a-memcpy-stub.o)
 .ARM.attributes
                0x00000618       0x2c /Applications/STM32CubeIDE.app/Contents/Eclipse/plugins/com.st.stm32cube.ide.mcu.externaltools.gnu-tools-for-stm32.12.3.rel1.macos64_1.0.200.202406191456/tools/bin/../lib/gcc/arm-none-eabi/12.3.1/../../../../arm-none-eabi/lib/thumb/v6-m/nofp/libc_nano.a(libc_a-freer.o)
 .ARM.attributes
                0x00000644       0x2c /Applications/STM32CubeIDE.app/Contents/Eclipse/plugins/com.st.stm32cube.ide.mcu.externaltools.gnu-tools-for-stm32.12.3.rel1.macos64_1.0.200.202406191456/tools/bin/../lib/gcc/arm-none-eabi/12.3.1/../../../../arm-none-eabi/lib/thumb/v6-m/nofp/libc_nano.a(libc_a-msizer.o)
 .ARM.attributes
                0x00000670       0x1e /Applications/STM32CubeIDE.app/Contents/Eclipse/plugins/com.st.stm32cube.ide.mcu.externaltools.gnu-tools-for-stm32.12.3.rel1.macos64_1.0.200.202406191456/tools/bin/../lib/gcc/arm-none-eabi/12.3.1/thumb/v6-m/nofp/libgcc.a(_thumb1_case_shi.o)
 .ARM.attributes
                0x0000068e       0x1e /Applications/STM32CubeIDE.app/Contents/Eclipse/plugins/com.st.stm32cube.ide.mcu.externaltools.gnu-tools-for-stm32.12.3.rel1.macos64_1.0.200.202406191456/tools/bin/../lib/gcc/arm-none-eabi/12.3.1/thumb/v6-m/nofp/libgcc.a(_udivsi3.o)
 .ARM.attributes
                0x000006ac       0x1e /Applications/STM32CubeIDE.app/Contents/Eclipse/plugins/com.st.stm32cube.ide.mcu.externaltools.gnu-tools-for-stm32.12.3.rel1.macos64_1.0.200.202406191456/tools/bin/../lib/gcc/arm-none-eabi/12.3.1/thumb/v6-m/nofp/libgcc.a(_divsi3.o)
 .ARM.attributes
                0x000006ca       0x1e /Applications/STM32CubeIDE.app/Contents/Eclipse/plugins/com.st.stm32cube.ide.mcu.externaltools.gnu-tools-for-stm32.12.3.rel1.macos64_1.0.200.202406191456/tools/bin/../lib/gcc/arm-none-eabi/12.3.1/thumb/v6-m/nofp/libgcc.a(_dvmd_tls.o)
 .ARM.attributes
                0x000006e8       0x1e /Applications/STM32CubeIDE.app/Contents/Eclipse/plugins/com.st.stm32cube.ide.mcu.externaltools.gnu-tools-for-stm32.12.3.rel1.macos64_1.0.200.202406191456/tools/bin/../lib/gcc/arm-none-eabi/12.3.1/thumb/v6-m/nofp/libgcc.a(_arm_cmpsf2.o)
 .ARM.attributes
                0x00000706       0x1e /Applications/STM32CubeIDE.app/Contents/Eclipse/plugins/com.st.stm32cube.ide.mcu.externaltools.gnu-tools-for-stm32.12.3.rel1.macos64_1.0.200.202406191456/tools/bin/../lib/gcc/arm-none-eabi/12.3.1/thumb/v6-m/nofp/libgcc.a(_aeabi_uldivmod.o)
 .ARM.attributes
                0x00000724       0x2c /Applications/STM32CubeIDE.app/Contents/Eclipse/plugins/com.st.stm32cube.ide.mcu.externaltools.gnu-tools-for-stm32.12.3.rel1.macos64_1.0.200.202406191456/tools/bin/../lib/gcc/arm-none-eabi/12.3.1/thumb/v6-m/nofp/libgcc.a(_fixunssfsi.o)
 .ARM.attributes
                0x00000750       0x2c /Applications/STM32CubeIDE.app/Contents/Eclipse/plugins/com.st.stm32cube.ide.mcu.externaltools.gnu-tools-for-stm32.12.3.rel1.macos64_1.0.200.202406191456/tools/bin/../lib/gcc/arm-none-eabi/12.3.1/thumb/v6-m/nofp/libgcc.a(_fixunsdfsi.o)
 .ARM.attributes
                0x0000077c       0x2c /Applications/STM32CubeIDE.app/Contents/Eclipse/plugins/com.st.stm32cube.ide.mcu.externaltools.gnu-tools-for-stm32.12.3.rel1.macos64_1.0.200.202406191456/tools/bin/../lib/gcc/arm-none-eabi/12.3.1/thumb/v6-m/nofp/libgcc.a(_udivmoddi4.o)
 .ARM.attributes
                0x000007a8       0x2c /Applications/STM32CubeIDE.app/Contents/Eclipse/plugins/com.st.stm32cube.ide.mcu.externaltools.gnu-tools-for-stm32.12.3.rel1.macos64_1.0.200.202406191456/tools/bin/../lib/gcc/arm-none-eabi/12.3.1/thumb/v6-m/nofp/libgcc.a(divsf3.o)
 .ARM.attributes
                0x000007d4       0x2c /Applications/STM32CubeIDE.app/Contents/Eclipse/plugins/com.st.stm32cube.ide.mcu.externaltools.gnu-tools-for-stm32.12.3.rel1.macos64_1.0.200.202406191456/tools/bin/../lib/gcc/arm-none-eabi/12.3.1/thumb/v6-m/nofp/libgcc.a(eqsf2.o)
 .ARM.attributes
                0x00000800       0x2c /Applications/STM32CubeIDE.app/Contents/Eclipse/plugins/com.st.stm32cube.ide.mcu.externaltools.gnu-tools-for-stm32.12.3.rel1.macos64_1.0.200.202406191456/tools/bin/../lib/gcc/arm-none-eabi/12.3.1/thumb/v6-m/nofp/libgcc.a(gesf2.o)
 .ARM.attributes
                0x0000082c       0x2c /Applications/STM32CubeIDE.app/Contents/Eclipse/plugins/com.st.stm32cube.ide.mcu.externaltools.gnu-tools-for-stm32.12.3.rel1.macos64_1.0.200.202406191456/tools/bin/../lib/gcc/arm-none-eabi/12.3.1/thumb/v6-m/nofp/libgcc.a(lesf2.o)
 .ARM.attributes
                0x00000858       0x2c /Applications/STM32CubeIDE.app/Contents/Eclipse/plugins/com.st.stm32cube.ide.mcu.externaltools.gnu-tools-for-stm32.12.3.rel1.macos64_1.0.200.202406191456/tools/bin/../lib/gcc/arm-none-eabi/12.3.1/thumb/v6-m/nofp/libgcc.a(mulsf3.o)
 .ARM.attributes
                0x00000884       0x2c /Applications/STM32CubeIDE.app/Contents/Eclipse/plugins/com.st.stm32cube.ide.mcu.externaltools.gnu-tools-for-stm32.12.3.rel1.macos64_1.0.200.202406191456/tools/bin/../lib/gcc/arm-none-eabi/12.3.1/thumb/v6-m/nofp/libgcc.a(subsf3.o)
 .ARM.attributes
                0x000008b0       0x2c /Applications/STM32CubeIDE.app/Contents/Eclipse/plugins/com.st.stm32cube.ide.mcu.externaltools.gnu-tools-for-stm32.12.3.rel1.macos64_1.0.200.202406191456/tools/bin/../lib/gcc/arm-none-eabi/12.3.1/thumb/v6-m/nofp/libgcc.a(fixsfsi.o)
 .ARM.attributes
                0x000008dc       0x2c /Applications/STM32CubeIDE.app/Contents/Eclipse/plugins/com.st.stm32cube.ide.mcu.externaltools.gnu-tools-for-stm32.12.3.rel1.macos64_1.0.200.202406191456/tools/bin/../lib/gcc/arm-none-eabi/12.3.1/thumb/v6-m/nofp/libgcc.a(floatsisf.o)
 .ARM.attributes
                0x00000908       0x2c /Applications/STM32CubeIDE.app/Contents/Eclipse/plugins/com.st.stm32cube.ide.mcu.externaltools.gnu-tools-for-stm32.12.3.rel1.macos64_1.0.200.202406191456/tools/bin/../lib/gcc/arm-none-eabi/12.3.1/thumb/v6-m/nofp/libgcc.a(adddf3.o)
 .ARM.attributes
                0x00000934       0x2c /Applications/STM32CubeIDE.app/Contents/Eclipse/plugins/com.st.stm32cube.ide.mcu.externaltools.gnu-tools-for-stm32.12.3.rel1.macos64_1.0.200.202406191456/tools/bin/../lib/gcc/arm-none-eabi/12.3.1/thumb/v6-m/nofp/libgcc.a(muldf3.o)
 .ARM.attributes
                0x00000960       0x2c /Applications/STM32CubeIDE.app/Contents/Eclipse/plugins/com.st.stm32cube.ide.mcu.externaltools.gnu-tools-for-stm32.12.3.rel1.macos64_1.0.200.202406191456/tools/bin/../lib/gcc/arm-none-eabi/12.3.1/thumb/v6-m/nofp/libgcc.a(subdf3.o)
 .ARM.attributes
                0x0000098c       0x2c /Applications/STM32CubeIDE.app/Contents/Eclipse/plugins/com.st.stm32cube.ide.mcu.externaltools.gnu-tools-for-stm32.12.3.rel1.macos64_1.0.200.202406191456/tools/bin/../lib/gcc/arm-none-eabi/12.3.1/thumb/v6-m/nofp/libgcc.a(fixdfsi.o)
 .ARM.attributes
                0x000009b8       0x2c /Applications/STM32CubeIDE.app/Contents/Eclipse/plugins/com.st.stm32cube.ide.mcu.externaltools.gnu-tools-for-stm32.12.3.rel1.macos64_1.0.200.202406191456/tools/bin/../lib/gcc/arm-none-eabi/12.3.1/thumb/v6-m/nofp/libgcc.a(floatsidf.o)
 .ARM.attributes
                0x000009e4       0x1e /Applications/STM32CubeIDE.app/Contents/Eclipse/plugins/com.st.stm32cube.ide.mcu.externaltools.gnu-tools-for-stm32.12.3.rel1.macos64_1.0.200.202406191456/tools/bin/../lib/gcc/arm-none-eabi/12.3.1/thumb/v6-m/nofp/libgcc.a(_arm_cmpdf2.o)
 .ARM.attributes
                0x00000a02       0x1e /Applications/STM32CubeIDE.app/Contents/Eclipse/plugins/com.st.stm32cube.ide.mcu.externaltools.gnu-tools-for-stm32.12.3.rel1.macos64_1.0.200.202406191456/tools/bin/../lib/gcc/arm-none-eabi/12.3.1/thumb/v6-m/nofp/libgcc.a(_clzsi2.o)
 .ARM.attributes
                0x00000a20       0x1e /Applications/STM32CubeIDE.app/Contents/Eclipse/plugins/com.st.stm32cube.ide.mcu.externaltools.gnu-tools-for-stm32.12.3.rel1.macos64_1.0.200.202406191456/tools/bin/../lib/gcc/arm-none-eabi/12.3.1/thumb/v6-m/nofp/libgcc.a(_clzdi2.o)
 .ARM.attributes
                0x00000a3e       0x2c /Applications/STM32CubeIDE.app/Contents/Eclipse/plugins/com.st.stm32cube.ide.mcu.externaltools.gnu-tools-for-stm32.12.3.rel1.macos64_1.0.200.202406191456/tools/bin/../lib/gcc/arm-none-eabi/12.3.1/thumb/v6-m/nofp/libgcc.a(eqdf2.o)
 .ARM.attributes
                0x00000a6a       0x2c /Applications/STM32CubeIDE.app/Contents/Eclipse/plugins/com.st.stm32cube.ide.mcu.externaltools.gnu-tools-for-stm32.12.3.rel1.macos64_1.0.200.202406191456/tools/bin/../lib/gcc/arm-none-eabi/12.3.1/thumb/v6-m/nofp/libgcc.a(gedf2.o)
 .ARM.attributes
                0x00000a96       0x2c /Applications/STM32CubeIDE.app/Contents/Eclipse/plugins/com.st.stm32cube.ide.mcu.externaltools.gnu-tools-for-stm32.12.3.rel1.macos64_1.0.200.202406191456/tools/bin/../lib/gcc/arm-none-eabi/12.3.1/thumb/v6-m/nofp/libgcc.a(ledf2.o)
 .ARM.attributes
                0x00000ac2       0x1e /Applications/STM32CubeIDE.app/Contents/Eclipse/plugins/com.st.stm32cube.ide.mcu.externaltools.gnu-tools-for-stm32.12.3.rel1.macos64_1.0.200.202406191456/tools/bin/../lib/gcc/arm-none-eabi/12.3.1/thumb/v6-m/nofp/crtn.o
OUTPUT(Project1.elf elf32-littlearm)
LOAD linker stubs
LOAD /Applications/STM32CubeIDE.app/Contents/Eclipse/plugins/com.st.stm32cube.ide.mcu.externaltools.gnu-tools-for-stm32.12.3.rel1.macos64_1.0.200.202406191456/tools/bin/../lib/gcc/arm-none-eabi/12.3.1/../../../../arm-none-eabi/lib/thumb/v6-m/nofp/libc.a
LOAD /Applications/STM32CubeIDE.app/Contents/Eclipse/plugins/com.st.stm32cube.ide.mcu.externaltools.gnu-tools-for-stm32.12.3.rel1.macos64_1.0.200.202406191456/tools/bin/../lib/gcc/arm-none-eabi/12.3.1/../../../../arm-none-eabi/lib/thumb/v6-m/nofp/libm.a
LOAD /Applications/STM32CubeIDE.app/Contents/Eclipse/plugins/com.st.stm32cube.ide.mcu.externaltools.gnu-tools-for-stm32.12.3.rel1.macos64_1.0.200.202406191456/tools/bin/../lib/gcc/arm-none-eabi/12.3.1/thumb/v6-m/nofp/libgcc.a

.debug_info     0x00000000    0x10617
 .debug_info    0x00000000     0x1fbc ./Core/Src/main.o
 .debug_info    0x00001fbc     0x15af ./Core/Src/stm32g0xx_hal_msp.o
 .debug_info    0x0000356b      0x476 ./Core/Src/stm32g0xx_it.o
 .debug_info    0x000039e1      0x168 ./Core/Src/sysmem.o
 .debug_info    0x00003b49      0x316 ./Core/Src/system_stm32g0xx.o
 .debug_info    0x00003e5f       0x30 ./Core/Startup/startup_stm32g0b1retx.o
 .debug_info    0x00003e8f      0xafa ./Drivers/STM32G0xx_HAL_Driver/Src/stm32g0xx_hal.o
 .debug_info    0x00004989     0x15cf ./Drivers/STM32G0xx_HAL_Driver/Src/stm32g0xx_hal_adc.o
 .debug_info    0x00005f58      0x8d9 ./Drivers/STM32G0xx_HAL_Driver/Src/stm32g0xx_hal_cortex.o
 .debug_info    0x00006831      0x869 ./Drivers/STM32G0xx_HAL_Driver/Src/stm32g0xx_hal_dma.o
 .debug_info    0x0000709a     0x1883 ./Drivers/STM32G0xx_HAL_Driver/Src/stm32g0xx_hal_fdcan.o
 .debug_info    0x0000891d      0x5d9 ./Drivers/STM32G0xx_HAL_Driver/Src/stm32g0xx_hal_gpio.o
 .debug_info    0x00008ef6      0x8b5 ./Drivers/STM32G0xx_HAL_Driver/Src/stm32g0xx_hal_pwr_ex.o
 .debug_info    0x000097ab      0xb9b ./Drivers/STM32G0xx_HAL_Driver/Src/stm32g0xx_hal_rcc.o
 .debug_info    0x0000a346      0xa41 ./Drivers/STM32G0xx_HAL_Driver/Src/stm32g0xx_hal_rcc_ex.o
 .debug_info    0x0000ad87     0x48a0 ./Drivers/STM32G0xx_HAL_Driver/Src/stm32g0xx_hal_uart.o
 .debug_info    0x0000f627      0xff0 ./Drivers/STM32G0xx_HAL_Driver/Src/stm32g0xx_hal_uart_ex.o

.debug_abbrev   0x00000000     0x2368
 .debug_abbrev  0x00000000      0x347 ./Core/Src/main.o
 .debug_abbrev  0x00000347      0x21f ./Core/Src/stm32g0xx_hal_msp.o
 .debug_abbrev  0x00000566      0x194 ./Core/Src/stm32g0xx_it.o
 .debug_abbrev  0x000006fa       0xbc ./Core/Src/sysmem.o
 .debug_abbrev  0x000007b6      0x119 ./Core/Src/system_stm32g0xx.o
 .debug_abbrev  0x000008cf       0x24 ./Core/Startup/startup_stm32g0b1retx.o
 .debug_abbrev  0x000008f3      0x27f ./Drivers/STM32G0xx_HAL_Driver/Src/stm32g0xx_hal.o
 .debug_abbrev  0x00000b72      0x276 ./Drivers/STM32G0xx_HAL_Driver/Src/stm32g0xx_hal_adc.o
 .debug_abbrev  0x00000de8      0x2ab ./Drivers/STM32G0xx_HAL_Driver/Src/stm32g0xx_hal_cortex.o
 .debug_abbrev  0x00001093      0x214 ./Drivers/STM32G0xx_HAL_Driver/Src/stm32g0xx_hal_dma.o
 .debug_abbrev  0x000012a7      0x1eb ./Drivers/STM32G0xx_HAL_Driver/Src/stm32g0xx_hal_fdcan.o
 .debug_abbrev  0x00001492      0x1c8 ./Drivers/STM32G0xx_HAL_Driver/Src/stm32g0xx_hal_gpio.o
 .debug_abbrev  0x0000165a      0x23c ./Drivers/STM32G0xx_HAL_Driver/Src/stm32g0xx_hal_pwr_ex.o
 .debug_abbrev  0x00001896      0x2aa ./Drivers/STM32G0xx_HAL_Driver/Src/stm32g0xx_hal_rcc.o
 .debug_abbrev  0x00001b40      0x244 ./Drivers/STM32G0xx_HAL_Driver/Src/stm32g0xx_hal_rcc_ex.o
 .debug_abbrev  0x00001d84      0x311 ./Drivers/STM32G0xx_HAL_Driver/Src/stm32g0xx_hal_uart.o
 .debug_abbrev  0x00002095      0x2d3 ./Drivers/STM32G0xx_HAL_Driver/Src/stm32g0xx_hal_uart_ex.o

.debug_aranges  0x00000000      0xe10
 .debug_aranges
                0x00000000       0xc8 ./Core/Src/main.o
 .debug_aranges
                0x000000c8       0x50 ./Core/Src/stm32g0xx_hal_msp.o
 .debug_aranges
                0x00000118       0x48 ./Core/Src/stm32g0xx_it.o
 .debug_aranges
                0x00000160       0x20 ./Core/Src/sysmem.o
 .debug_aranges
                0x00000180       0x28 ./Core/Src/system_stm32g0xx.o
 .debug_aranges
                0x000001a8       0x28 ./Core/Startup/startup_stm32g0b1retx.o
 .debug_aranges
                0x000001d0      0x130 ./Drivers/STM32G0xx_HAL_Driver/Src/stm32g0xx_hal.o
 .debug_aranges
                0x00000300      0x1f0 ./Drivers/STM32G0xx_HAL_Driver/Src/stm32g0xx_hal_adc.o
 .debug_aranges
                0x000004f0       0xe8 ./Drivers/STM32G0xx_HAL_Driver/Src/stm32g0xx_hal_cortex.o
 .debug_aranges
                0x000005d8       0x90 ./Drivers/STM32G0xx_HAL_Driver/Src/stm32g0xx_hal_dma.o
 .debug_aranges
                0x00000668      0x208 ./Drivers/STM32G0xx_HAL_Driver/Src/stm32g0xx_hal_fdcan.o
 .debug_aranges
                0x00000870       0x60 ./Drivers/STM32G0xx_HAL_Driver/Src/stm32g0xx_hal_gpio.o
 .debug_aranges
                0x000008d0      0x128 ./Drivers/STM32G0xx_HAL_Driver/Src/stm32g0xx_hal_pwr_ex.o
 .debug_aranges
                0x000009f8       0xa0 ./Drivers/STM32G0xx_HAL_Driver/Src/stm32g0xx_hal_rcc.o
 .debug_aranges
                0x00000a98       0x88 ./Drivers/STM32G0xx_HAL_Driver/Src/stm32g0xx_hal_rcc_ex.o
 .debug_aranges
                0x00000b20      0x248 ./Drivers/STM32G0xx_HAL_Driver/Src/stm32g0xx_hal_uart.o
 .debug_aranges
                0x00000d68       0xa8 ./Drivers/STM32G0xx_HAL_Driver/Src/stm32g0xx_hal_uart_ex.o

.debug_rnglists
                0x00000000      0xadd
 .debug_rnglists
                0x00000000       0xa0 ./Core/Src/main.o
 .debug_rnglists
                0x000000a0       0x3a ./Core/Src/stm32g0xx_hal_msp.o
 .debug_rnglists
                0x000000da       0x31 ./Core/Src/stm32g0xx_it.o
 .debug_rnglists
                0x0000010b       0x13 ./Core/Src/sysmem.o
 .debug_rnglists
                0x0000011e       0x1a ./Core/Src/system_stm32g0xx.o
 .debug_rnglists
                0x00000138       0x19 ./Core/Startup/startup_stm32g0b1retx.o
 .debug_rnglists
                0x00000151       0xe0 ./Drivers/STM32G0xx_HAL_Driver/Src/stm32g0xx_hal.o
 .debug_rnglists
                0x00000231      0x17f ./Drivers/STM32G0xx_HAL_Driver/Src/stm32g0xx_hal_adc.o
 .debug_rnglists
                0x000003b0       0xaa ./Drivers/STM32G0xx_HAL_Driver/Src/stm32g0xx_hal_cortex.o
 .debug_rnglists
                0x0000045a       0x72 ./Drivers/STM32G0xx_HAL_Driver/Src/stm32g0xx_hal_dma.o
 .debug_rnglists
                0x000004cc      0x18d ./Drivers/STM32G0xx_HAL_Driver/Src/stm32g0xx_hal_fdcan.o
 .debug_rnglists
                0x00000659       0x45 ./Drivers/STM32G0xx_HAL_Driver/Src/stm32g0xx_hal_gpio.o
 .debug_rnglists
                0x0000069e       0xe0 ./Drivers/STM32G0xx_HAL_Driver/Src/stm32g0xx_hal_pwr_ex.o
 .debug_rnglists
                0x0000077e       0x79 ./Drivers/STM32G0xx_HAL_Driver/Src/stm32g0xx_hal_rcc.o
 .debug_rnglists
                0x000007f7       0x69 ./Drivers/STM32G0xx_HAL_Driver/Src/stm32g0xx_hal_rcc_ex.o
 .debug_rnglists
                0x00000860      0x1fd ./Drivers/STM32G0xx_HAL_Driver/Src/stm32g0xx_hal_uart.o
 .debug_rnglists
                0x00000a5d       0x80 ./Drivers/STM32G0xx_HAL_Driver/Src/stm32g0xx_hal_uart_ex.o

.debug_macro    0x00000000    0x1d477
 .debug_macro   0x00000000      0x326 ./Core/Src/main.o
 .debug_macro   0x00000326      0xa8a ./Core/Src/main.o
 .debug_macro   0x00000db0      0x130 ./Core/Src/main.o
 .debug_macro   0x00000ee0       0x2e ./Core/Src/main.o
 .debug_macro   0x00000f0e       0x28 ./Core/Src/main.o
 .debug_macro   0x00000f36       0x22 ./Core/Src/main.o
 .debug_macro   0x00000f58       0x8e ./Core/Src/main.o
 .debug_macro   0x00000fe6       0x51 ./Core/Src/main.o
 .debug_macro   0x00001037      0x103 ./Core/Src/main.o
 .debug_macro   0x0000113a       0x6a ./Core/Src/main.o
 .debug_macro   0x000011a4      0x1df ./Core/Src/main.o
 .debug_macro   0x00001383       0x1c ./Core/Src/main.o
 .debug_macro   0x0000139f       0x22 ./Core/Src/main.o
 .debug_macro   0x000013c1       0xd1 ./Core/Src/main.o
 .debug_macro   0x00001492      0x4da ./Core/Src/main.o
 .debug_macro   0x0000196c      0x11f ./Core/Src/main.o
 .debug_macro   0x00001a8b     0xf3de ./Core/Src/main.o
 .debug_macro   0x00010e69       0x66 ./Core/Src/main.o
 .debug_macro   0x00010ecf     0x350e ./Core/Src/main.o
 .debug_macro   0x000143dd      0x189 ./Core/Src/main.o
 .debug_macro   0x00014566       0x5c ./Core/Src/main.o
 .debug_macro   0x000145c2      0x72c ./Core/Src/main.o
 .debug_macro   0x00014cee     0x1579 ./Core/Src/main.o
 .debug_macro   0x00016267      0x535 ./Core/Src/main.o
 .debug_macro   0x0001679c      0x1cf ./Core/Src/main.o
 .debug_macro   0x0001696b      0x25b ./Core/Src/main.o
 .debug_macro   0x00016bc6      0x4f5 ./Core/Src/main.o
 .debug_macro   0x000170bb      0x280 ./Core/Src/main.o
 .debug_macro   0x0001733b      0x417 ./Core/Src/main.o
 .debug_macro   0x00017752      0x1b2 ./Core/Src/main.o
 .debug_macro   0x00017904       0x43 ./Core/Src/main.o
 .debug_macro   0x00017947      0x1f1 ./Core/Src/main.o
 .debug_macro   0x00017b38      0x8bd ./Core/Src/main.o
 .debug_macro   0x000183f5      0x5c9 ./Core/Src/main.o
 .debug_macro   0x000189be       0x2e ./Core/Src/main.o
 .debug_macro   0x000189ec      0x1e4 ./Core/Src/main.o
 .debug_macro   0x00018bd0      0x3fa ./Core/Src/main.o
 .debug_macro   0x00018fca       0x28 ./Core/Src/main.o
 .debug_macro   0x00018ff2      0x123 ./Core/Src/main.o
 .debug_macro   0x00019115      0x6bd ./Core/Src/main.o
 .debug_macro   0x000197d2      0x145 ./Core/Src/main.o
 .debug_macro   0x00019917      0x30b ./Core/Src/main.o
 .debug_macro   0x00019c22      0x693 ./Core/Src/main.o
 .debug_macro   0x0001a2b5       0xa6 ./Core/Src/main.o
 .debug_macro   0x0001a35b      0x5df ./Core/Src/main.o
 .debug_macro   0x0001a93a       0x64 ./Core/Src/main.o
 .debug_macro   0x0001a99e       0x61 ./Core/Src/main.o
 .debug_macro   0x0001a9ff       0x24 ./Core/Src/main.o
 .debug_macro   0x0001aa23       0x43 ./Core/Src/main.o
 .debug_macro   0x0001aa66       0x34 ./Core/Src/main.o
 .debug_macro   0x0001aa9a       0x16 ./Core/Src/main.o
 .debug_macro   0x0001aab0       0x35 ./Core/Src/main.o
 .debug_macro   0x0001aae5      0x369 ./Core/Src/main.o
 .debug_macro   0x0001ae4e       0x10 ./Core/Src/main.o
 .debug_macro   0x0001ae5e       0x16 ./Core/Src/main.o
 .debug_macro   0x0001ae74       0x43 ./Core/Src/main.o
 .debug_macro   0x0001aeb7       0x34 ./Core/Src/main.o
 .debug_macro   0x0001aeeb       0x10 ./Core/Src/main.o
 .debug_macro   0x0001aefb       0x58 ./Core/Src/main.o
 .debug_macro   0x0001af53       0x8e ./Core/Src/main.o
 .debug_macro   0x0001afe1       0x1c ./Core/Src/main.o
 .debug_macro   0x0001affd      0x177 ./Core/Src/main.o
 .debug_macro   0x0001b174       0x16 ./Core/Src/main.o
 .debug_macro   0x0001b18a       0x16 ./Core/Src/main.o
 .debug_macro   0x0001b1a0      0x146 ./Core/Src/main.o
 .debug_macro   0x0001b2e6       0x16 ./Core/Src/main.o
 .debug_macro   0x0001b2fc       0x20 ./Core/Src/main.o
 .debug_macro   0x0001b31c      0x20c ./Core/Src/stm32g0xx_hal_msp.o
 .debug_macro   0x0001b528      0x216 ./Core/Src/stm32g0xx_it.o
 .debug_macro   0x0001b73e       0xff ./Core/Src/sysmem.o
 .debug_macro   0x0001b83d      0x23c ./Core/Src/sysmem.o
 .debug_macro   0x0001ba79      0x1fd ./Core/Src/system_stm32g0xx.o
 .debug_macro   0x0001bc76      0x221 ./Drivers/STM32G0xx_HAL_Driver/Src/stm32g0xx_hal.o
 .debug_macro   0x0001be97      0x221 ./Drivers/STM32G0xx_HAL_Driver/Src/stm32g0xx_hal_adc.o
 .debug_macro   0x0001c0b8      0x1fd ./Drivers/STM32G0xx_HAL_Driver/Src/stm32g0xx_hal_cortex.o
 .debug_macro   0x0001c2b5      0x1fd ./Drivers/STM32G0xx_HAL_Driver/Src/stm32g0xx_hal_dma.o
 .debug_macro   0x0001c4b2      0x30f ./Drivers/STM32G0xx_HAL_Driver/Src/stm32g0xx_hal_fdcan.o
 .debug_macro   0x0001c7c1      0x204 ./Drivers/STM32G0xx_HAL_Driver/Src/stm32g0xx_hal_gpio.o
 .debug_macro   0x0001c9c5      0x227 ./Drivers/STM32G0xx_HAL_Driver/Src/stm32g0xx_hal_pwr_ex.o
 .debug_macro   0x0001cbec      0x245 ./Drivers/STM32G0xx_HAL_Driver/Src/stm32g0xx_hal_rcc.o
 .debug_macro   0x0001ce31      0x215 ./Drivers/STM32G0xx_HAL_Driver/Src/stm32g0xx_hal_rcc_ex.o
 .debug_macro   0x0001d046      0x228 ./Drivers/STM32G0xx_HAL_Driver/Src/stm32g0xx_hal_uart.o
 .debug_macro   0x0001d26e      0x209 ./Drivers/STM32G0xx_HAL_Driver/Src/stm32g0xx_hal_uart_ex.o

.debug_line     0x00000000    0x102e0
 .debug_line    0x00000000      0xf94 ./Core/Src/main.o
 .debug_line    0x00000f94      0x884 ./Core/Src/stm32g0xx_hal_msp.o
 .debug_line    0x00001818      0x7d2 ./Core/Src/stm32g0xx_it.o
 .debug_line    0x00001fea      0x51c ./Core/Src/sysmem.o
 .debug_line    0x00002506      0x7c8 ./Core/Src/system_stm32g0xx.o
 .debug_line    0x00002cce       0x7b ./Core/Startup/startup_stm32g0b1retx.o
 .debug_line    0x00002d49      0xb2e ./Drivers/STM32G0xx_HAL_Driver/Src/stm32g0xx_hal.o
 .debug_line    0x00003877     0x1937 ./Drivers/STM32G0xx_HAL_Driver/Src/stm32g0xx_hal_adc.o
 .debug_line    0x000051ae      0xba3 ./Drivers/STM32G0xx_HAL_Driver/Src/stm32g0xx_hal_cortex.o
 .debug_line    0x00005d51      0xe9b ./Drivers/STM32G0xx_HAL_Driver/Src/stm32g0xx_hal_dma.o
 .debug_line    0x00006bec     0x1968 ./Drivers/STM32G0xx_HAL_Driver/Src/stm32g0xx_hal_fdcan.o
 .debug_line    0x00008554      0xb9b ./Drivers/STM32G0xx_HAL_Driver/Src/stm32g0xx_hal_gpio.o
 .debug_line    0x000090ef      0xbef ./Drivers/STM32G0xx_HAL_Driver/Src/stm32g0xx_hal_pwr_ex.o
 .debug_line    0x00009cde      0xf80 ./Drivers/STM32G0xx_HAL_Driver/Src/stm32g0xx_hal_rcc.o
 .debug_line    0x0000ac5e     0x11bf ./Drivers/STM32G0xx_HAL_Driver/Src/stm32g0xx_hal_rcc_ex.o
 .debug_line    0x0000be1d     0x36bb ./Drivers/STM32G0xx_HAL_Driver/Src/stm32g0xx_hal_uart.o
 .debug_line    0x0000f4d8      0xe08 ./Drivers/STM32G0xx_HAL_Driver/Src/stm32g0xx_hal_uart_ex.o

.debug_str      0x00000000    0xc070f
 .debug_str     0x00000000    0xbbf9b ./Core/Src/main.o
                              0xbc965 (size before relaxing)
 .debug_str     0x000bbf9b      0x2ac ./Core/Src/stm32g0xx_hal_msp.o
                              0xb8963 (size before relaxing)
 .debug_str     0x000bc247       0xae ./Core/Src/stm32g0xx_it.o
                              0xb7e44 (size before relaxing)
 .debug_str     0x000bc2f5      0x4dc ./Core/Src/sysmem.o
                               0x5fc4 (size before relaxing)
 .debug_str     0x000bc7d1       0x8e ./Core/Src/system_stm32g0xx.o
                              0xb7a95 (size before relaxing)
 .debug_str     0x000bc85f       0x44 ./Core/Startup/startup_stm32g0b1retx.o
                                 0x7b (size before relaxing)
 .debug_str     0x000bc8a3      0x5a9 ./Drivers/STM32G0xx_HAL_Driver/Src/stm32g0xx_hal.o
                              0xb836e (size before relaxing)
 .debug_str     0x000bce4c      0x8b2 ./Drivers/STM32G0xx_HAL_Driver/Src/stm32g0xx_hal_adc.o
                              0xb8877 (size before relaxing)
 .debug_str     0x000bd6fe      0x29f ./Drivers/STM32G0xx_HAL_Driver/Src/stm32g0xx_hal_cortex.o
                              0xb7fa6 (size before relaxing)
 .debug_str     0x000bd99d      0x250 ./Drivers/STM32G0xx_HAL_Driver/Src/stm32g0xx_hal_dma.o
                              0xb7f45 (size before relaxing)
 .debug_str     0x000bdbed     0x11a3 ./Drivers/STM32G0xx_HAL_Driver/Src/stm32g0xx_hal_fdcan.o
                              0xb912d (size before relaxing)
 .debug_str     0x000bed90      0x153 ./Drivers/STM32G0xx_HAL_Driver/Src/stm32g0xx_hal_gpio.o
                              0xb7bf8 (size before relaxing)